citation-checker   narrow   light  console=0 h1=1 overflow=false scripts=0 contrast=41 worst=6.47 ax=174 named-interactive=1 landmarks=2 main=1 glued=0 inert=0 small=0
citation-checker   narrow   dark   console=0 h1=1 overflow=false scripts=0 contrast=41 worst=10.02 ax=174 named-interactive=1 landmarks=2 main=1 glued=0 inert=0 small=0
citation-checker   narrow   forced console=0 h1=1 overflow=false scripts=0 contrast=41 worst=13.99 ax=174 named-interactive=1 landmarks=2 main=1 glued=0 inert=0 small=0
citation-checker   tablet   light  console=0 h1=1 overflow=false scripts=0 contrast=41 worst=6.47 ax=141 named-interactive=1 landmarks=2 main=1 glued=0 inert=0 small=0
citation-checker   tablet   dark   console=0 h1=1 overflow=false scripts=0 contrast=41 worst=10.02 ax=141 named-interactive=1 landmarks=2 main=1 glued=0 inert=0 small=0
citation-checker   tablet   forced console=0 h1=1 overflow=false scripts=0 contrast=41 worst=13.99 ax=141 named-interactive=1 landmarks=2 main=1 glued=0 inert=0 small=0
citation-checker   desktop  light  console=0 h1=1 overflow=false scripts=0 contrast=41 worst=6.47 ax=141 named-interactive=1 landmarks=2 main=1 glued=0 inert=0 small=0
citation-checker   desktop  dark   console=0 h1=1 overflow=false scripts=0 contrast=41 worst=10.02 ax=141 named-interactive=1 landmarks=2 main=1 glued=0 inert=0 small=0
citation-checker   desktop  forced console=0 h1=1 overflow=false scripts=0 contrast=41 worst=13.99 ax=141 named-interactive=1 landmarks=2 main=1 glued=0 inert=0 small=0
citation-checker   zoom200  light  console=0 h1=1 overflow=false scripts=0 contrast=41 worst=6.47 ax=141 named-interactive=1 landmarks=2 main=1 glued=0 inert=0 small=0
citation-checker   zoom200  dark   console=0 h1=1 overflow=false scripts=0 contrast=41 worst=10.02 ax=141 named-interactive=1 landmarks=2 main=1 glued=0 inert=0 small=0
citation-checker   zoom200  forced console=0 h1=1 overflow=false scripts=0 contrast=41 worst=13.99 ax=141 named-interactive=1 landmarks=2 main=1 glued=0 inert=0 small=0
citation-checker   zoom400  light  console=0 h1=1 overflow=false scripts=0 contrast=41 worst=6.47 ax=177 named-interactive=1 landmarks=2 main=1 glued=0 inert=0 small=0
citation-checker   zoom400  dark   console=0 h1=1 overflow=false scripts=0 contrast=41 worst=10.02 ax=177 named-interactive=1 landmarks=2 main=1 glued=0 inert=0 small=0
citation-checker   zoom400  forced console=0 h1=1 overflow=false scripts=0 contrast=41 worst=13.99 ax=177 named-interactive=1 landmarks=2 main=1 glued=0 inert=0 small=0
compare            narrow   light  console=0 h1=1 overflow=false scripts=0 contrast=139 worst=6.47 ax=528 named-interactive=0 landmarks=2 main=1 glued=0 inert=0 small=0
compare            narrow   dark   console=0 h1=1 overflow=false scripts=0 contrast=139 worst=10.02 ax=528 named-interactive=0 landmarks=2 main=1 glued=0 inert=0 small=0
compare            narrow   forced console=0 h1=1 overflow=false scripts=0 contrast=139 worst=21 ax=528 named-interactive=0 landmarks=2 main=1 glued=0 inert=0 small=0
compare            tablet   light  console=0 h1=1 overflow=false scripts=0 contrast=139 worst=6.47 ax=432 named-interactive=0 landmarks=2 main=1 glued=0 inert=0 small=0
compare            tablet   dark   console=0 h1=1 overflow=false scripts=0 contrast=139 worst=10.02 ax=432 named-interactive=0 landmarks=2 main=1 glued=0 inert=0 small=0
compare            tablet   forced console=0 h1=1 overflow=false scripts=0 contrast=139 worst=21 ax=432 named-interactive=0 landmarks=2 main=1 glued=0 inert=0 small=0
compare            desktop  light  console=0 h1=1 overflow=false scripts=0 contrast=139 worst=6.47 ax=436 named-interactive=0 landmarks=2 main=1 glued=0 inert=0 small=0
compare            desktop  dark   console=0 h1=1 overflow=false scripts=0 contrast=139 worst=10.02 ax=436 named-interactive=0 landmarks=2 main=1 glued=0 inert=0 small=0
compare            desktop  forced console=0 h1=1 overflow=false scripts=0 contrast=139 worst=21 ax=436 named-interactive=0 landmarks=2 main=1 glued=0 inert=0 small=0
compare            zoom200  light  console=0 h1=1 overflow=false scripts=0 contrast=139 worst=6.47 ax=434 named-interactive=0 landmarks=2 main=1 glued=0 inert=0 small=0
compare            zoom200  dark   console=0 h1=1 overflow=false scripts=0 contrast=139 worst=10.02 ax=434 named-interactive=0 landmarks=2 main=1 glued=0 inert=0 small=0
compare            zoom200  forced console=0 h1=1 overflow=false scripts=0 contrast=139 worst=21 ax=434 named-interactive=0 landmarks=2 main=1 glued=0 inert=0 small=0
compare            zoom400  light  console=0 h1=1 overflow=false scripts=0 contrast=139 worst=6.47 ax=528 named-interactive=0 landmarks=2 main=1 glued=0 inert=0 small=0
compare            zoom400  dark   console=0 h1=1 overflow=false scripts=0 contrast=139 worst=10.02 ax=528 named-interactive=0 landmarks=2 main=1 glued=0 inert=0 small=0
compare            zoom400  forced console=0 h1=1 overflow=false scripts=0 contrast=139 worst=21 ax=528 named-interactive=0 landmarks=2 main=1 glued=0 inert=0 small=0
coverage-react     narrow   light  console=0 h1=1 overflow=false scripts=0 contrast=20 worst=6.47 ax=216 named-interactive=0 landmarks=2 main=1 glued=0 inert=0 small=0
coverage-react     narrow   dark   console=0 h1=1 overflow=false scripts=0 contrast=20 worst=10.02 ax=216 named-interactive=0 landmarks=2 main=1 glued=0 inert=0 small=0
coverage-react     narrow   forced console=0 h1=1 overflow=false scripts=0 contrast=20 worst=21 ax=216 named-interactive=0 landmarks=2 main=1 glued=0 inert=0 small=0
coverage-react     tablet   light  console=0 h1=1 overflow=false scripts=0 contrast=20 worst=6.47 ax=177 named-interactive=0 landmarks=2 main=1 glued=0 inert=0 small=0
coverage-react     tablet   dark   console=0 h1=1 overflow=false scripts=0 contrast=20 worst=10.02 ax=177 named-interactive=0 landmarks=2 main=1 glued=0 inert=0 small=0
coverage-react     tablet   forced console=0 h1=1 overflow=false scripts=0 contrast=20 worst=21 ax=177 named-interactive=0 landmarks=2 main=1 glued=0 inert=0 small=0
coverage-react     desktop  light  console=0 h1=1 overflow=false scripts=0 contrast=20 worst=6.47 ax=182 named-interactive=0 landmarks=2 main=1 glued=0 inert=0 small=0
coverage-react     desktop  dark   console=0 h1=1 overflow=false scripts=0 contrast=20 worst=10.02 ax=182 named-interactive=0 landmarks=2 main=1 glued=0 inert=0 small=0
coverage-react     desktop  forced console=0 h1=1 overflow=false scripts=0 contrast=20 worst=21 ax=182 named-interactive=0 landmarks=2 main=1 glued=0 inert=0 small=0
coverage-react     zoom200  light  console=0 h1=1 overflow=false scripts=0 contrast=20 worst=6.47 ax=181 named-interactive=0 landmarks=2 main=1 glued=0 inert=0 small=0
coverage-react     zoom200  dark   console=0 h1=1 overflow=false scripts=0 contrast=20 worst=10.02 ax=181 named-interactive=0 landmarks=2 main=1 glued=0 inert=0 small=0
coverage-react     zoom200  forced console=0 h1=1 overflow=false scripts=0 contrast=20 worst=21 ax=181 named-interactive=0 landmarks=2 main=1 glued=0 inert=0 small=0
coverage-react     zoom400  light  console=0 h1=1 overflow=false scripts=0 contrast=20 worst=6.47 ax=216 named-interactive=0 landmarks=2 main=1 glued=0 inert=0 small=0
coverage-react     zoom400  dark   console=0 h1=1 overflow=false scripts=0 contrast=20 worst=10.02 ax=216 named-interactive=0 landmarks=2 main=1 glued=0 inert=0 small=0
coverage-react     zoom400  forced console=0 h1=1 overflow=false scripts=0 contrast=20 worst=21 ax=216 named-interactive=0 landmarks=2 main=1 glued=0 inert=0 small=0
coverage           narrow   light  console=0 h1=1 overflow=false scripts=0 contrast=20 worst=6.47 ax=214 named-interactive=0 landmarks=2 main=1 glued=0 inert=0 small=0
coverage           narrow   dark   console=0 h1=1 overflow=false scripts=0 contrast=20 worst=10.02 ax=214 named-interactive=0 landmarks=2 main=1 glued=0 inert=0 small=0
coverage           narrow   forced console=0 h1=1 overflow=false scripts=0 contrast=20 worst=21 ax=214 named-interactive=0 landmarks=2 main=1 glued=0 inert=0 small=0
coverage           tablet   light  console=0 h1=1 overflow=false scripts=0 contrast=20 worst=6.47 ax=176 named-interactive=0 landmarks=2 main=1 glued=0 inert=0 small=0
coverage           tablet   dark   console=0 h1=1 overflow=false scripts=0 contrast=20 worst=10.02 ax=176 named-interactive=0 landmarks=2 main=1 glued=0 inert=0 small=0
coverage           tablet   forced console=0 h1=1 overflow=false scripts=0 contrast=20 worst=21 ax=176 named-interactive=0 landmarks=2 main=1 glued=0 inert=0 small=0
coverage           desktop  light  console=0 h1=1 overflow=false scripts=0 contrast=20 worst=6.47 ax=180 named-interactive=0 landmarks=2 main=1 glued=0 inert=0 small=0
coverage           desktop  dark   console=0 h1=1 overflow=false scripts=0 contrast=20 worst=10.02 ax=180 named-interactive=0 landmarks=2 main=1 glued=0 inert=0 small=0
coverage           desktop  forced console=0 h1=1 overflow=false scripts=0 contrast=20 worst=21 ax=180 named-interactive=0 landmarks=2 main=1 glued=0 inert=0 small=0
coverage           zoom200  light  console=0 h1=1 overflow=false scripts=0 contrast=20 worst=6.47 ax=179 named-interactive=0 landmarks=2 main=1 glued=0 inert=0 small=0
coverage           zoom200  dark   console=0 h1=1 overflow=false scripts=0 contrast=20 worst=10.02 ax=179 named-interactive=0 landmarks=2 main=1 glued=0 inert=0 small=0
coverage           zoom200  forced console=0 h1=1 overflow=false scripts=0 contrast=20 worst=21 ax=179 named-interactive=0 landmarks=2 main=1 glued=0 inert=0 small=0
coverage           zoom400  light  console=0 h1=1 overflow=false scripts=0 contrast=20 worst=6.47 ax=214 named-interactive=0 landmarks=2 main=1 glued=0 inert=0 small=0
coverage           zoom400  dark   console=0 h1=1 overflow=false scripts=0 contrast=20 worst=10.02 ax=214 named-interactive=0 landmarks=2 main=1 glued=0 inert=0 small=0
coverage           zoom400  forced console=0 h1=1 overflow=false scripts=0 contrast=20 worst=21 ax=214 named-interactive=0 landmarks=2 main=1 glued=0 inert=0 small=0
dossier            narrow   light  console=0 h1=1 overflow=false scripts=0 contrast=44 worst=6.47 ax=385 named-interactive=0 landmarks=2 main=1 glued=0 inert=0 small=0
dossier            narrow   dark   console=0 h1=1 overflow=false scripts=0 contrast=44 worst=10.02 ax=385 named-interactive=0 landmarks=2 main=1 glued=0 inert=0 small=0
dossier            narrow   forced console=0 h1=1 overflow=false scripts=0 contrast=44 worst=21 ax=385 named-interactive=0 landmarks=2 main=1 glued=0 inert=0 small=0
dossier            tablet   light  console=0 h1=1 overflow=false scripts=0 contrast=44 worst=6.47 ax=321 named-interactive=0 landmarks=2 main=1 glued=0 inert=0 small=0
dossier            tablet   dark   console=0 h1=1 overflow=false scripts=0 contrast=44 worst=10.02 ax=321 named-interactive=0 landmarks=2 main=1 glued=0 inert=0 small=0
dossier            tablet   forced console=0 h1=1 overflow=false scripts=0 contrast=44 worst=21 ax=321 named-interactive=0 landmarks=2 main=1 glued=0 inert=0 small=0
dossier            desktop  light  console=0 h1=1 overflow=false scripts=0 contrast=44 worst=6.47 ax=322 named-interactive=0 landmarks=2 main=1 glued=0 inert=0 small=0
dossier            desktop  dark   console=0 h1=1 overflow=false scripts=0 contrast=44 worst=10.02 ax=322 named-interactive=0 landmarks=2 main=1 glued=0 inert=0 small=0
dossier            desktop  forced console=0 h1=1 overflow=false scripts=0 contrast=44 worst=21 ax=322 named-interactive=0 landmarks=2 main=1 glued=0 inert=0 small=0
dossier            zoom200  light  console=0 h1=1 overflow=false scripts=0 contrast=44 worst=6.47 ax=322 named-interactive=0 landmarks=2 main=1 glued=0 inert=0 small=0
dossier            zoom200  dark   console=0 h1=1 overflow=false scripts=0 contrast=44 worst=10.02 ax=322 named-interactive=0 landmarks=2 main=1 glued=0 inert=0 small=0
dossier            zoom200  forced console=0 h1=1 overflow=false scripts=0 contrast=44 worst=21 ax=322 named-interactive=0 landmarks=2 main=1 glued=0 inert=0 small=0
dossier            zoom400  light  console=0 h1=1 overflow=false scripts=0 contrast=44 worst=6.47 ax=385 named-interactive=0 landmarks=2 main=1 glued=0 inert=0 small=0
dossier            zoom400  dark   console=0 h1=1 overflow=false scripts=0 contrast=44 worst=10.02 ax=385 named-interactive=0 landmarks=2 main=1 glued=0 inert=0 small=0
dossier            zoom400  forced console=0 h1=1 overflow=false scripts=0 contrast=44 worst=21 ax=385 named-interactive=0 landmarks=2 main=1 glued=0 inert=0 small=0
export-composer    narrow   light  console=0 h1=1 overflow=false scripts=0 contrast=55 worst=6.47 ax=195 named-interactive=3 landmarks=2 main=1 glued=0 inert=0 small=0
export-composer    narrow   dark   console=0 h1=1 overflow=false scripts=0 contrast=55 worst=10.02 ax=195 named-interactive=3 landmarks=2 main=1 glued=0 inert=0 small=0
export-composer    narrow   forced console=0 h1=1 overflow=false scripts=0 contrast=55 worst=13.99 ax=195 named-interactive=3 landmarks=2 main=1 glued=0 inert=0 small=0
export-composer    tablet   light  console=0 h1=1 overflow=false scripts=0 contrast=55 worst=6.47 ax=169 named-interactive=3 landmarks=2 main=1 glued=0 inert=0 small=0
export-composer    tablet   dark   console=0 h1=1 overflow=false scripts=0 contrast=55 worst=10.02 ax=169 named-interactive=3 landmarks=2 main=1 glued=0 inert=0 small=0
export-composer    tablet   forced console=0 h1=1 overflow=false scripts=0 contrast=55 worst=13.99 ax=169 named-interactive=3 landmarks=2 main=1 glued=0 inert=0 small=0
export-composer    desktop  light  console=0 h1=1 overflow=false scripts=0 contrast=55 worst=6.47 ax=169 named-interactive=3 landmarks=2 main=1 glued=0 inert=0 small=0
export-composer    desktop  dark   console=0 h1=1 overflow=false scripts=0 contrast=55 worst=10.02 ax=169 named-interactive=3 landmarks=2 main=1 glued=0 inert=0 small=0
export-composer    desktop  forced console=0 h1=1 overflow=false scripts=0 contrast=55 worst=13.99 ax=169 named-interactive=3 landmarks=2 main=1 glued=0 inert=0 small=0
export-composer    zoom200  light  console=0 h1=1 overflow=false scripts=0 contrast=55 worst=6.47 ax=170 named-interactive=3 landmarks=2 main=1 glued=0 inert=0 small=0
export-composer    zoom200  dark   console=0 h1=1 overflow=false scripts=0 contrast=55 worst=10.02 ax=170 named-interactive=3 landmarks=2 main=1 glued=0 inert=0 small=0
export-composer    zoom200  forced console=0 h1=1 overflow=false scripts=0 contrast=55 worst=13.99 ax=170 named-interactive=3 landmarks=2 main=1 glued=0 inert=0 small=0
export-composer    zoom400  light  console=0 h1=1 overflow=false scripts=0 contrast=55 worst=6.47 ax=195 named-interactive=3 landmarks=2 main=1 glued=0 inert=0 small=0
export-composer    zoom400  dark   console=0 h1=1 overflow=false scripts=0 contrast=55 worst=10.02 ax=195 named-interactive=3 landmarks=2 main=1 glued=0 inert=0 small=0
export-composer    zoom400  forced console=0 h1=1 overflow=false scripts=0 contrast=55 worst=13.99 ax=195 named-interactive=3 landmarks=2 main=1 glued=0 inert=0 small=0
get-help           narrow   light  console=0 h1=1 overflow=false scripts=0 contrast=15 worst=6.47 ax=80 named-interactive=2 landmarks=2 main=1 glued=0 inert=0 small=0
get-help           narrow   dark   console=0 h1=1 overflow=false scripts=0 contrast=15 worst=10.02 ax=80 named-interactive=2 landmarks=2 main=1 glued=0 inert=0 small=0
get-help           narrow   forced console=0 h1=1 overflow=false scripts=0 contrast=15 worst=13.99 ax=80 named-interactive=2 landmarks=2 main=1 glued=0 inert=0 small=0
get-help           tablet   light  console=0 h1=1 overflow=false scripts=0 contrast=15 worst=6.47 ax=62 named-interactive=2 landmarks=2 main=1 glued=0 inert=0 small=0
get-help           tablet   dark   console=0 h1=1 overflow=false scripts=0 contrast=15 worst=10.02 ax=62 named-interactive=2 landmarks=2 main=1 glued=0 inert=0 small=0
get-help           tablet   forced console=0 h1=1 overflow=false scripts=0 contrast=15 worst=13.99 ax=62 named-interactive=2 landmarks=2 main=1 glued=0 inert=0 small=0
get-help           desktop  light  console=0 h1=1 overflow=false scripts=0 contrast=15 worst=6.47 ax=64 named-interactive=2 landmarks=2 main=1 glued=0 inert=0 small=0
get-help           desktop  dark   console=0 h1=1 overflow=false scripts=0 contrast=15 worst=10.02 ax=64 named-interactive=2 landmarks=2 main=1 glued=0 inert=0 small=0
get-help           desktop  forced console=0 h1=1 overflow=false scripts=0 contrast=15 worst=13.99 ax=64 named-interactive=2 landmarks=2 main=1 glued=0 inert=0 small=0
get-help           zoom200  light  console=0 h1=1 overflow=false scripts=0 contrast=15 worst=6.47 ax=64 named-interactive=2 landmarks=2 main=1 glued=0 inert=0 small=0
get-help           zoom200  dark   console=0 h1=1 overflow=false scripts=0 contrast=15 worst=10.02 ax=64 named-interactive=2 landmarks=2 main=1 glued=0 inert=0 small=0
get-help           zoom200  forced console=0 h1=1 overflow=false scripts=0 contrast=15 worst=13.99 ax=64 named-interactive=2 landmarks=2 main=1 glued=0 inert=0 small=0
get-help           zoom400  light  console=0 h1=1 overflow=false scripts=0 contrast=15 worst=6.47 ax=80 named-interactive=2 landmarks=2 main=1 glued=0 inert=0 small=0
get-help           zoom400  dark   console=0 h1=1 overflow=false scripts=0 contrast=15 worst=10.02 ax=80 named-interactive=2 landmarks=2 main=1 glued=0 inert=0 small=0
get-help           zoom400  forced console=0 h1=1 overflow=false scripts=0 contrast=15 worst=13.99 ax=80 named-interactive=2 landmarks=2 main=1 glued=0 inert=0 small=0
hydration          narrow   light  console=0 h1=1 overflow=false scripts=1 contrast=14 worst=6.47 ax=118 named-interactive=0 landmarks=2 main=1 glued=0 inert=0 small=0
hydration          narrow   dark   console=0 h1=1 overflow=false scripts=1 contrast=14 worst=10.02 ax=118 named-interactive=0 landmarks=2 main=1 glued=0 inert=0 small=0
hydration          narrow   forced console=0 h1=1 overflow=false scripts=1 contrast=14 worst=21 ax=118 named-interactive=0 landmarks=2 main=1 glued=0 inert=0 small=0
hydration          tablet   light  console=0 h1=1 overflow=false scripts=1 contrast=14 worst=6.47 ax=104 named-interactive=0 landmarks=2 main=1 glued=0 inert=0 small=0
hydration          tablet   dark   console=0 h1=1 overflow=false scripts=1 contrast=14 worst=10.02 ax=104 named-interactive=0 landmarks=2 main=1 glued=0 inert=0 small=0
hydration          tablet   forced console=0 h1=1 overflow=false scripts=1 contrast=14 worst=21 ax=104 named-interactive=0 landmarks=2 main=1 glued=0 inert=0 small=0
hydration          desktop  light  console=0 h1=1 overflow=false scripts=1 contrast=14 worst=6.47 ax=104 named-interactive=0 landmarks=2 main=1 glued=0 inert=0 small=0
hydration          desktop  dark   console=0 h1=1 overflow=false scripts=1 contrast=14 worst=10.02 ax=104 named-interactive=0 landmarks=2 main=1 glued=0 inert=0 small=0
hydration          desktop  forced console=0 h1=1 overflow=false scripts=1 contrast=14 worst=21 ax=104 named-interactive=0 landmarks=2 main=1 glued=0 inert=0 small=0
hydration          zoom200  light  console=0 h1=1 overflow=false scripts=1 contrast=14 worst=6.47 ax=104 named-interactive=0 landmarks=2 main=1 glued=0 inert=0 small=0
hydration          zoom200  dark   console=0 h1=1 overflow=false scripts=1 contrast=14 worst=10.02 ax=104 named-interactive=0 landmarks=2 main=1 glued=0 inert=0 small=0
hydration          zoom200  forced console=0 h1=1 overflow=false scripts=1 contrast=14 worst=21 ax=104 named-interactive=0 landmarks=2 main=1 glued=0 inert=0 small=0
hydration          zoom400  light  console=0 h1=1 overflow=false scripts=1 contrast=14 worst=6.47 ax=119 named-interactive=0 landmarks=2 main=1 glued=0 inert=0 small=0
hydration          zoom400  dark   console=0 h1=1 overflow=false scripts=1 contrast=14 worst=10.02 ax=119 named-interactive=0 landmarks=2 main=1 glued=0 inert=0 small=0
hydration          zoom400  forced console=0 h1=1 overflow=false scripts=1 contrast=14 worst=21 ax=119 named-interactive=0 landmarks=2 main=1 glued=0 inert=0 small=0
index              narrow   light  console=0 h1=1 overflow=false scripts=0 contrast=3 worst=6.47 ax=13 named-interactive=0 landmarks=1 main=1 glued=0 inert=0 small=0
index              narrow   dark   console=0 h1=1 overflow=false scripts=0 contrast=3 worst=10.02 ax=13 named-interactive=0 landmarks=1 main=1 glued=0 inert=0 small=0
index              narrow   forced console=0 h1=1 overflow=false scripts=0 contrast=3 worst=21 ax=13 named-interactive=0 landmarks=1 main=1 glued=0 inert=0 small=0
index              tablet   light  console=0 h1=1 overflow=false scripts=0 contrast=3 worst=6.47 ax=12 named-interactive=0 landmarks=1 main=1 glued=0 inert=0 small=0
index              tablet   dark   console=0 h1=1 overflow=false scripts=0 contrast=3 worst=10.02 ax=12 named-interactive=0 landmarks=1 main=1 glued=0 inert=0 small=0
index              tablet   forced console=0 h1=1 overflow=false scripts=0 contrast=3 worst=21 ax=12 named-interactive=0 landmarks=1 main=1 glued=0 inert=0 small=0
index              desktop  light  console=0 h1=1 overflow=false scripts=0 contrast=3 worst=6.47 ax=12 named-interactive=0 landmarks=1 main=1 glued=0 inert=0 small=0
index              desktop  dark   console=0 h1=1 overflow=false scripts=0 contrast=3 worst=10.02 ax=12 named-interactive=0 landmarks=1 main=1 glued=0 inert=0 small=0
index              desktop  forced console=0 h1=1 overflow=false scripts=0 contrast=3 worst=21 ax=12 named-interactive=0 landmarks=1 main=1 glued=0 inert=0 small=0
index              zoom200  light  console=0 h1=1 overflow=false scripts=0 contrast=3 worst=6.47 ax=12 named-interactive=0 landmarks=1 main=1 glued=0 inert=0 small=0
index              zoom200  dark   console=0 h1=1 overflow=false scripts=0 contrast=3 worst=10.02 ax=12 named-interactive=0 landmarks=1 main=1 glued=0 inert=0 small=0
index              zoom200  forced console=0 h1=1 overflow=false scripts=0 contrast=3 worst=21 ax=12 named-interactive=0 landmarks=1 main=1 glued=0 inert=0 small=0
index              zoom400  light  console=0 h1=1 overflow=false scripts=0 contrast=3 worst=6.47 ax=13 named-interactive=0 landmarks=1 main=1 glued=0 inert=0 small=0
index              zoom400  dark   console=0 h1=1 overflow=false scripts=0 contrast=3 worst=10.02 ax=13 named-interactive=0 landmarks=1 main=1 glued=0 inert=0 small=0
index              zoom400  forced console=0 h1=1 overflow=false scripts=0 contrast=3 worst=21 ax=13 named-interactive=0 landmarks=1 main=1 glued=0 inert=0 small=0
locale-unavailable-de narrow   light  console=0 h1=1 overflow=false scripts=0 contrast=8 worst=14.64 ax=53 named-interactive=0 landmarks=2 main=1 glued=0 inert=0 small=0
locale-unavailable-de narrow   dark   console=0 h1=1 overflow=false scripts=0 contrast=8 worst=16.02 ax=53 named-interactive=0 landmarks=2 main=1 glued=0 inert=0 small=0
locale-unavailable-de narrow   forced console=0 h1=1 overflow=false scripts=0 contrast=8 worst=21 ax=53 named-interactive=0 landmarks=2 main=1 glued=0 inert=0 small=0
locale-unavailable-de tablet   light  console=0 h1=1 overflow=false scripts=0 contrast=8 worst=14.64 ax=39 named-interactive=0 landmarks=2 main=1 glued=0 inert=0 small=0
locale-unavailable-de tablet   dark   console=0 h1=1 overflow=false scripts=0 contrast=8 worst=16.02 ax=39 named-interactive=0 landmarks=2 main=1 glued=0 inert=0 small=0
locale-unavailable-de tablet   forced console=0 h1=1 overflow=false scripts=0 contrast=8 worst=21 ax=39 named-interactive=0 landmarks=2 main=1 glued=0 inert=0 small=0
locale-unavailable-de desktop  light  console=0 h1=1 overflow=false scripts=0 contrast=8 worst=14.64 ax=41 named-interactive=0 landmarks=2 main=1 glued=0 inert=0 small=0
locale-unavailable-de desktop  dark   console=0 h1=1 overflow=false scripts=0 contrast=8 worst=16.02 ax=41 named-interactive=0 landmarks=2 main=1 glued=0 inert=0 small=0
locale-unavailable-de desktop  forced console=0 h1=1 overflow=false scripts=0 contrast=8 worst=21 ax=41 named-interactive=0 landmarks=2 main=1 glued=0 inert=0 small=0
locale-unavailable-de zoom200  light  console=0 h1=1 overflow=false scripts=0 contrast=8 worst=14.64 ax=40 named-interactive=0 landmarks=2 main=1 glued=0 inert=0 small=0
locale-unavailable-de zoom200  dark   console=0 h1=1 overflow=false scripts=0 contrast=8 worst=16.02 ax=40 named-interactive=0 landmarks=2 main=1 glued=0 inert=0 small=0
locale-unavailable-de zoom200  forced console=0 h1=1 overflow=false scripts=0 contrast=8 worst=21 ax=40 named-interactive=0 landmarks=2 main=1 glued=0 inert=0 small=0
locale-unavailable-de zoom400  light  console=0 h1=1 overflow=false scripts=0 contrast=8 worst=14.64 ax=53 named-interactive=0 landmarks=2 main=1 glued=0 inert=0 small=0
locale-unavailable-de zoom400  dark   console=0 h1=1 overflow=false scripts=0 contrast=8 worst=16.02 ax=53 named-interactive=0 landmarks=2 main=1 glued=0 inert=0 small=0
locale-unavailable-de zoom400  forced console=0 h1=1 overflow=false scripts=0 contrast=8 worst=21 ax=53 named-interactive=0 landmarks=2 main=1 glued=0 inert=0 small=0
locale-unavailable-fr narrow   light  console=0 h1=1 overflow=false scripts=0 contrast=8 worst=14.64 ax=53 named-interactive=0 landmarks=2 main=1 glued=0 inert=0 small=0
locale-unavailable-fr narrow   dark   console=0 h1=1 overflow=false scripts=0 contrast=8 worst=16.02 ax=53 named-interactive=0 landmarks=2 main=1 glued=0 inert=0 small=0
locale-unavailable-fr narrow   forced console=0 h1=1 overflow=false scripts=0 contrast=8 worst=21 ax=53 named-interactive=0 landmarks=2 main=1 glued=0 inert=0 small=0
locale-unavailable-fr tablet   light  console=0 h1=1 overflow=false scripts=0 contrast=8 worst=14.64 ax=39 named-interactive=0 landmarks=2 main=1 glued=0 inert=0 small=0
locale-unavailable-fr tablet   dark   console=0 h1=1 overflow=false scripts=0 contrast=8 worst=16.02 ax=39 named-interactive=0 landmarks=2 main=1 glued=0 inert=0 small=0
locale-unavailable-fr tablet   forced console=0 h1=1 overflow=false scripts=0 contrast=8 worst=21 ax=39 named-interactive=0 landmarks=2 main=1 glued=0 inert=0 small=0
locale-unavailable-fr desktop  light  console=0 h1=1 overflow=false scripts=0 contrast=8 worst=14.64 ax=41 named-interactive=0 landmarks=2 main=1 glued=0 inert=0 small=0
locale-unavailable-fr desktop  dark   console=0 h1=1 overflow=false scripts=0 contrast=8 worst=16.02 ax=41 named-interactive=0 landmarks=2 main=1 glued=0 inert=0 small=0
locale-unavailable-fr desktop  forced console=0 h1=1 overflow=false scripts=0 contrast=8 worst=21 ax=41 named-interactive=0 landmarks=2 main=1 glued=0 inert=0 small=0
locale-unavailable-fr zoom200  light  console=0 h1=1 overflow=false scripts=0 contrast=8 worst=14.64 ax=40 named-interactive=0 landmarks=2 main=1 glued=0 inert=0 small=0
locale-unavailable-fr zoom200  dark   console=0 h1=1 overflow=false scripts=0 contrast=8 worst=16.02 ax=40 named-interactive=0 landmarks=2 main=1 glued=0 inert=0 small=0
locale-unavailable-fr zoom200  forced console=0 h1=1 overflow=false scripts=0 contrast=8 worst=21 ax=40 named-interactive=0 landmarks=2 main=1 glued=0 inert=0 small=0
locale-unavailable-fr zoom400  light  console=0 h1=1 overflow=false scripts=0 contrast=8 worst=14.64 ax=53 named-interactive=0 landmarks=2 main=1 glued=0 inert=0 small=0
locale-unavailable-fr zoom400  dark   console=0 h1=1 overflow=false scripts=0 contrast=8 worst=16.02 ax=53 named-interactive=0 landmarks=2 main=1 glued=0 inert=0 small=0
locale-unavailable-fr zoom400  forced console=0 h1=1 overflow=false scripts=0 contrast=8 worst=21 ax=53 named-interactive=0 landmarks=2 main=1 glued=0 inert=0 small=0
locale-unavailable-lb narrow   light  console=0 h1=1 overflow=false scripts=0 contrast=8 worst=14.64 ax=54 named-interactive=0 landmarks=2 main=1 glued=0 inert=0 small=0
locale-unavailable-lb narrow   dark   console=0 h1=1 overflow=false scripts=0 contrast=8 worst=16.02 ax=54 named-interactive=0 landmarks=2 main=1 glued=0 inert=0 small=0
locale-unavailable-lb narrow   forced console=0 h1=1 overflow=false scripts=0 contrast=8 worst=21 ax=54 named-interactive=0 landmarks=2 main=1 glued=0 inert=0 small=0
locale-unavailable-lb tablet   light  console=0 h1=1 overflow=false scripts=0 contrast=8 worst=14.64 ax=41 named-interactive=0 landmarks=2 main=1 glued=0 inert=0 small=0
locale-unavailable-lb tablet   dark   console=0 h1=1 overflow=false scripts=0 contrast=8 worst=16.02 ax=41 named-interactive=0 landmarks=2 main=1 glued=0 inert=0 small=0
locale-unavailable-lb tablet   forced console=0 h1=1 overflow=false scripts=0 contrast=8 worst=21 ax=41 named-interactive=0 landmarks=2 main=1 glued=0 inert=0 small=0
locale-unavailable-lb desktop  light  console=0 h1=1 overflow=false scripts=0 contrast=8 worst=14.64 ax=42 named-interactive=0 landmarks=2 main=1 glued=0 inert=0 small=0
locale-unavailable-lb desktop  dark   console=0 h1=1 overflow=false scripts=0 contrast=8 worst=16.02 ax=42 named-interactive=0 landmarks=2 main=1 glued=0 inert=0 small=0
locale-unavailable-lb desktop  forced console=0 h1=1 overflow=false scripts=0 contrast=8 worst=21 ax=42 named-interactive=0 landmarks=2 main=1 glued=0 inert=0 small=0
locale-unavailable-lb zoom200  light  console=0 h1=1 overflow=false scripts=0 contrast=8 worst=14.64 ax=41 named-interactive=0 landmarks=2 main=1 glued=0 inert=0 small=0
locale-unavailable-lb zoom200  dark   console=0 h1=1 overflow=false scripts=0 contrast=8 worst=16.02 ax=41 named-interactive=0 landmarks=2 main=1 glued=0 inert=0 small=0
locale-unavailable-lb zoom200  forced console=0 h1=1 overflow=false scripts=0 contrast=8 worst=21 ax=41 named-interactive=0 landmarks=2 main=1 glued=0 inert=0 small=0
locale-unavailable-lb zoom400  light  console=0 h1=1 overflow=false scripts=0 contrast=8 worst=14.64 ax=54 named-interactive=0 landmarks=2 main=1 glued=0 inert=0 small=0
locale-unavailable-lb zoom400  dark   console=0 h1=1 overflow=false scripts=0 contrast=8 worst=16.02 ax=54 named-interactive=0 landmarks=2 main=1 glued=0 inert=0 small=0
locale-unavailable-lb zoom400  forced console=0 h1=1 overflow=false scripts=0 contrast=8 worst=21 ax=54 named-interactive=0 landmarks=2 main=1 glued=0 inert=0 small=0
preview-destination narrow   light  console=0 h1=1 overflow=false scripts=0 contrast=4 worst=6.47 ax=27 named-interactive=0 landmarks=2 main=1 glued=0 inert=0 small=0
preview-destination narrow   dark   console=0 h1=1 overflow=false scripts=0 contrast=4 worst=10.02 ax=27 named-interactive=0 landmarks=2 main=1 glued=0 inert=0 small=0
preview-destination narrow   forced console=0 h1=1 overflow=false scripts=0 contrast=4 worst=21 ax=27 named-interactive=0 landmarks=2 main=1 glued=0 inert=0 small=0
preview-destination tablet   light  console=0 h1=1 overflow=false scripts=0 contrast=4 worst=6.47 ax=22 named-interactive=0 landmarks=2 main=1 glued=0 inert=0 small=0
preview-destination tablet   dark   console=0 h1=1 overflow=false scripts=0 contrast=4 worst=10.02 ax=22 named-interactive=0 landmarks=2 main=1 glued=0 inert=0 small=0
preview-destination tablet   forced console=0 h1=1 overflow=false scripts=0 contrast=4 worst=21 ax=22 named-interactive=0 landmarks=2 main=1 glued=0 inert=0 small=0
preview-destination desktop  light  console=0 h1=1 overflow=false scripts=0 contrast=4 worst=6.47 ax=23 named-interactive=0 landmarks=2 main=1 glued=0 inert=0 small=0
preview-destination desktop  dark   console=0 h1=1 overflow=false scripts=0 contrast=4 worst=10.02 ax=23 named-interactive=0 landmarks=2 main=1 glued=0 inert=0 small=0
preview-destination desktop  forced console=0 h1=1 overflow=false scripts=0 contrast=4 worst=21 ax=23 named-interactive=0 landmarks=2 main=1 glued=0 inert=0 small=0
preview-destination zoom200  light  console=0 h1=1 overflow=false scripts=0 contrast=4 worst=6.47 ax=22 named-interactive=0 landmarks=2 main=1 glued=0 inert=0 small=0
preview-destination zoom200  dark   console=0 h1=1 overflow=false scripts=0 contrast=4 worst=10.02 ax=22 named-interactive=0 landmarks=2 main=1 glued=0 inert=0 small=0
preview-destination zoom200  forced console=0 h1=1 overflow=false scripts=0 contrast=4 worst=21 ax=22 named-interactive=0 landmarks=2 main=1 glued=0 inert=0 small=0
preview-destination zoom400  light  console=0 h1=1 overflow=false scripts=0 contrast=4 worst=6.47 ax=27 named-interactive=0 landmarks=2 main=1 glued=0 inert=0 small=0
preview-destination zoom400  dark   console=0 h1=1 overflow=false scripts=0 contrast=4 worst=10.02 ax=27 named-interactive=0 landmarks=2 main=1 glued=0 inert=0 small=0
preview-destination zoom400  forced console=0 h1=1 overflow=false scripts=0 contrast=4 worst=21 ax=27 named-interactive=0 landmarks=2 main=1 glued=0 inert=0 small=0
provenance-preview-synthetic~synthetic-preview-work~1900-01-01 narrow   light  console=0 h1=1 overflow=false scripts=0 contrast=25 worst=6.47 ax=118 named-interactive=0 landmarks=2 main=1 glued=0 inert=0 small=0
provenance-preview-synthetic~synthetic-preview-work~1900-01-01 narrow   dark   console=0 h1=1 overflow=false scripts=0 contrast=25 worst=10.02 ax=118 named-interactive=0 landmarks=2 main=1 glued=0 inert=0 small=0
provenance-preview-synthetic~synthetic-preview-work~1900-01-01 narrow   forced console=0 h1=1 overflow=false scripts=0 contrast=25 worst=21 ax=118 named-interactive=0 landmarks=2 main=1 glued=0 inert=0 small=0
provenance-preview-synthetic~synthetic-preview-work~1900-01-01 tablet   light  console=0 h1=1 overflow=false scripts=0 contrast=25 worst=6.47 ax=94 named-interactive=0 landmarks=2 main=1 glued=0 inert=0 small=0
provenance-preview-synthetic~synthetic-preview-work~1900-01-01 tablet   dark   console=0 h1=1 overflow=false scripts=0 contrast=25 worst=10.02 ax=94 named-interactive=0 landmarks=2 main=1 glued=0 inert=0 small=0
provenance-preview-synthetic~synthetic-preview-work~1900-01-01 tablet   forced console=0 h1=1 overflow=false scripts=0 contrast=25 worst=21 ax=94 named-interactive=0 landmarks=2 main=1 glued=0 inert=0 small=0
provenance-preview-synthetic~synthetic-preview-work~1900-01-01 desktop  light  console=0 h1=1 overflow=false scripts=0 contrast=25 worst=6.47 ax=99 named-interactive=0 landmarks=2 main=1 glued=0 inert=0 small=0
provenance-preview-synthetic~synthetic-preview-work~1900-01-01 desktop  dark   console=0 h1=1 overflow=false scripts=0 contrast=25 worst=10.02 ax=99 named-interactive=0 landmarks=2 main=1 glued=0 inert=0 small=0
provenance-preview-synthetic~synthetic-preview-work~1900-01-01 desktop  forced console=0 h1=1 overflow=false scripts=0 contrast=25 worst=21 ax=99 named-interactive=0 landmarks=2 main=1 glued=0 inert=0 small=0
provenance-preview-synthetic~synthetic-preview-work~1900-01-01 zoom200  light  console=0 h1=1 overflow=false scripts=0 contrast=25 worst=6.47 ax=95 named-interactive=0 landmarks=2 main=1 glued=0 inert=0 small=0
provenance-preview-synthetic~synthetic-preview-work~1900-01-01 zoom200  dark   console=0 h1=1 overflow=false scripts=0 contrast=25 worst=10.02 ax=95 named-interactive=0 landmarks=2 main=1 glued=0 inert=0 small=0
provenance-preview-synthetic~synthetic-preview-work~1900-01-01 zoom200  forced console=0 h1=1 overflow=false scripts=0 contrast=25 worst=21 ax=95 named-interactive=0 landmarks=2 main=1 glued=0 inert=0 small=0
provenance-preview-synthetic~synthetic-preview-work~1900-01-01 zoom400  light  console=0 h1=1 overflow=false scripts=0 contrast=25 worst=6.47 ax=118 named-interactive=0 landmarks=2 main=1 glued=0 inert=0 small=0
provenance-preview-synthetic~synthetic-preview-work~1900-01-01 zoom400  dark   console=0 h1=1 overflow=false scripts=0 contrast=25 worst=10.02 ax=118 named-interactive=0 landmarks=2 main=1 glued=0 inert=0 small=0
provenance-preview-synthetic~synthetic-preview-work~1900-01-01 zoom400  forced console=0 h1=1 overflow=false scripts=0 contrast=25 worst=21 ax=118 named-interactive=0 landmarks=2 main=1 glued=0 inert=0 small=0
provenance-preview-synthetic~synthetic-preview-work~2001-01-01 narrow   light  console=0 h1=1 overflow=false scripts=0 contrast=101 worst=6.47 ax=305 named-interactive=1 landmarks=3 main=1 glued=0 inert=0 small=0
provenance-preview-synthetic~synthetic-preview-work~2001-01-01 narrow   dark   console=0 h1=1 overflow=false scripts=0 contrast=101 worst=9.91 ax=305 named-interactive=1 landmarks=3 main=1 glued=0 inert=0 small=0
provenance-preview-synthetic~synthetic-preview-work~2001-01-01 narrow   forced console=0 h1=1 overflow=false scripts=0 contrast=101 worst=13.99 ax=305 named-interactive=1 landmarks=3 main=1 glued=0 inert=0 small=0
provenance-preview-synthetic~synthetic-preview-work~2001-01-01 tablet   light  console=0 h1=1 overflow=false scripts=0 contrast=101 worst=6.47 ax=270 named-interactive=1 landmarks=3 main=1 glued=0 inert=0 small=0
provenance-preview-synthetic~synthetic-preview-work~2001-01-01 tablet   dark   console=0 h1=1 overflow=false scripts=0 contrast=101 worst=9.91 ax=270 named-interactive=1 landmarks=3 main=1 glued=0 inert=0 small=0
provenance-preview-synthetic~synthetic-preview-work~2001-01-01 tablet   forced console=0 h1=1 overflow=false scripts=0 contrast=101 worst=13.99 ax=270 named-interactive=1 landmarks=3 main=1 glued=0 inert=0 small=0
provenance-preview-synthetic~synthetic-preview-work~2001-01-01 desktop  light  console=0 h1=1 overflow=false scripts=0 contrast=101 worst=6.47 ax=274 named-interactive=1 landmarks=3 main=1 glued=0 inert=0 small=0
provenance-preview-synthetic~synthetic-preview-work~2001-01-01 desktop  dark   console=0 h1=1 overflow=false scripts=0 contrast=101 worst=9.91 ax=274 named-interactive=1 landmarks=3 main=1 glued=0 inert=0 small=0
provenance-preview-synthetic~synthetic-preview-work~2001-01-01 desktop  forced console=0 h1=1 overflow=false scripts=0 contrast=101 worst=13.99 ax=274 named-interactive=1 landmarks=3 main=1 glued=0 inert=0 small=0
provenance-preview-synthetic~synthetic-preview-work~2001-01-01 zoom200  light  console=0 h1=1 overflow=false scripts=0 contrast=101 worst=6.47 ax=271 named-interactive=1 landmarks=3 main=1 glued=0 inert=0 small=0
provenance-preview-synthetic~synthetic-preview-work~2001-01-01 zoom200  dark   console=0 h1=1 overflow=false scripts=0 contrast=101 worst=9.91 ax=271 named-interactive=1 landmarks=3 main=1 glued=0 inert=0 small=0
provenance-preview-synthetic~synthetic-preview-work~2001-01-01 zoom200  forced console=0 h1=1 overflow=false scripts=0 contrast=101 worst=13.99 ax=271 named-interactive=1 landmarks=3 main=1 glued=0 inert=0 small=0
provenance-preview-synthetic~synthetic-preview-work~2001-01-01 zoom400  light  console=0 h1=1 overflow=false scripts=0 contrast=101 worst=6.47 ax=305 named-interactive=1 landmarks=3 main=1 glued=0 inert=0 small=0
provenance-preview-synthetic~synthetic-preview-work~2001-01-01 zoom400  dark   console=0 h1=1 overflow=false scripts=0 contrast=101 worst=9.91 ax=305 named-interactive=1 landmarks=3 main=1 glued=0 inert=0 small=0
provenance-preview-synthetic~synthetic-preview-work~2001-01-01 zoom400  forced console=0 h1=1 overflow=false scripts=0 contrast=101 worst=13.99 ax=305 named-interactive=1 landmarks=3 main=1 glued=0 inert=0 small=0
provenance-preview-synthetic~synthetic-preview-work~2021-01-26 narrow   light  console=0 h1=1 overflow=false scripts=0 contrast=152 worst=6.47 ax=424 named-interactive=1 landmarks=3 main=1 glued=0 inert=0 small=0
provenance-preview-synthetic~synthetic-preview-work~2021-01-26 narrow   dark   console=0 h1=1 overflow=false scripts=0 contrast=152 worst=9.91 ax=424 named-interactive=1 landmarks=3 main=1 glued=0 inert=0 small=0
provenance-preview-synthetic~synthetic-preview-work~2021-01-26 narrow   forced console=0 h1=1 overflow=false scripts=0 contrast=152 worst=13.99 ax=424 named-interactive=1 landmarks=3 main=1 glued=0 inert=0 small=0
provenance-preview-synthetic~synthetic-preview-work~2021-01-26 tablet   light  console=0 h1=1 overflow=false scripts=0 contrast=152 worst=6.47 ax=393 named-interactive=1 landmarks=3 main=1 glued=0 inert=0 small=0
provenance-preview-synthetic~synthetic-preview-work~2021-01-26 tablet   dark   console=0 h1=1 overflow=false scripts=0 contrast=152 worst=9.91 ax=393 named-interactive=1 landmarks=3 main=1 glued=0 inert=0 small=0
provenance-preview-synthetic~synthetic-preview-work~2021-01-26 tablet   forced console=0 h1=1 overflow=false scripts=0 contrast=152 worst=13.99 ax=393 named-interactive=1 landmarks=3 main=1 glued=0 inert=0 small=0
provenance-preview-synthetic~synthetic-preview-work~2021-01-26 desktop  light  console=0 h1=1 overflow=false scripts=0 contrast=152 worst=6.47 ax=396 named-interactive=1 landmarks=3 main=1 glued=0 inert=0 small=0
provenance-preview-synthetic~synthetic-preview-work~2021-01-26 desktop  dark   console=0 h1=1 overflow=false scripts=0 contrast=152 worst=9.91 ax=396 named-interactive=1 landmarks=3 main=1 glued=0 inert=0 small=0
provenance-preview-synthetic~synthetic-preview-work~2021-01-26 desktop  forced console=0 h1=1 overflow=false scripts=0 contrast=152 worst=13.99 ax=396 named-interactive=1 landmarks=3 main=1 glued=0 inert=0 small=0
provenance-preview-synthetic~synthetic-preview-work~2021-01-26 zoom200  light  console=0 h1=1 overflow=false scripts=0 contrast=152 worst=6.47 ax=395 named-interactive=1 landmarks=3 main=1 glued=0 inert=0 small=0
provenance-preview-synthetic~synthetic-preview-work~2021-01-26 zoom200  dark   console=0 h1=1 overflow=false scripts=0 contrast=152 worst=9.91 ax=395 named-interactive=1 landmarks=3 main=1 glued=0 inert=0 small=0
provenance-preview-synthetic~synthetic-preview-work~2021-01-26 zoom200  forced console=0 h1=1 overflow=false scripts=0 contrast=152 worst=13.99 ax=395 named-interactive=1 landmarks=3 main=1 glued=0 inert=0 small=0
provenance-preview-synthetic~synthetic-preview-work~2021-01-26 zoom400  light  console=0 h1=1 overflow=false scripts=0 contrast=152 worst=6.47 ax=424 named-interactive=1 landmarks=3 main=1 glued=0 inert=0 small=0
provenance-preview-synthetic~synthetic-preview-work~2021-01-26 zoom400  dark   console=0 h1=1 overflow=false scripts=0 contrast=152 worst=9.91 ax=424 named-interactive=1 landmarks=3 main=1 glued=0 inert=0 small=0
provenance-preview-synthetic~synthetic-preview-work~2021-01-26 zoom400  forced console=0 h1=1 overflow=false scripts=0 contrast=152 worst=13.99 ax=424 named-interactive=1 landmarks=3 main=1 glued=0 inert=0 small=0
provenance-preview-synthetic~synthetic-preview-work~2030-09-15 narrow   light  console=0 h1=1 overflow=false scripts=0 contrast=122 worst=6.47 ax=348 named-interactive=1 landmarks=3 main=1 glued=0 inert=0 small=0
provenance-preview-synthetic~synthetic-preview-work~2030-09-15 narrow   dark   console=0 h1=1 overflow=false scripts=0 contrast=122 worst=9.91 ax=348 named-interactive=1 landmarks=3 main=1 glued=0 inert=0 small=0
provenance-preview-synthetic~synthetic-preview-work~2030-09-15 narrow   forced console=0 h1=1 overflow=false scripts=0 contrast=122 worst=13.99 ax=348 named-interactive=1 landmarks=3 main=1 glued=0 inert=0 small=0
provenance-preview-synthetic~synthetic-preview-work~2030-09-15 tablet   light  console=0 h1=1 overflow=false scripts=0 contrast=122 worst=6.47 ax=315 named-interactive=1 landmarks=3 main=1 glued=0 inert=0 small=0
provenance-preview-synthetic~synthetic-preview-work~2030-09-15 tablet   dark   console=0 h1=1 overflow=false scripts=0 contrast=122 worst=9.91 ax=315 named-interactive=1 landmarks=3 main=1 glued=0 inert=0 small=0
provenance-preview-synthetic~synthetic-preview-work~2030-09-15 tablet   forced console=0 h1=1 overflow=false scripts=0 contrast=122 worst=13.99 ax=315 named-interactive=1 landmarks=3 main=1 glued=0 inert=0 small=0
provenance-preview-synthetic~synthetic-preview-work~2030-09-15 desktop  light  console=0 h1=1 overflow=false scripts=0 contrast=122 worst=6.47 ax=319 named-interactive=1 landmarks=3 main=1 glued=0 inert=0 small=0
provenance-preview-synthetic~synthetic-preview-work~2030-09-15 desktop  dark   console=0 h1=1 overflow=false scripts=0 contrast=122 worst=9.91 ax=319 named-interactive=1 landmarks=3 main=1 glued=0 inert=0 small=0
provenance-preview-synthetic~synthetic-preview-work~2030-09-15 desktop  forced console=0 h1=1 overflow=false scripts=0 contrast=122 worst=13.99 ax=319 named-interactive=1 landmarks=3 main=1 glued=0 inert=0 small=0
provenance-preview-synthetic~synthetic-preview-work~2030-09-15 zoom200  light  console=0 h1=1 overflow=false scripts=0 contrast=122 worst=6.47 ax=317 named-interactive=1 landmarks=3 main=1 glued=0 inert=0 small=0
provenance-preview-synthetic~synthetic-preview-work~2030-09-15 zoom200  dark   console=0 h1=1 overflow=false scripts=0 contrast=122 worst=9.91 ax=317 named-interactive=1 landmarks=3 main=1 glued=0 inert=0 small=0
provenance-preview-synthetic~synthetic-preview-work~2030-09-15 zoom200  forced console=0 h1=1 overflow=false scripts=0 contrast=122 worst=13.99 ax=317 named-interactive=1 landmarks=3 main=1 glued=0 inert=0 small=0
provenance-preview-synthetic~synthetic-preview-work~2030-09-15 zoom400  light  console=0 h1=1 overflow=false scripts=0 contrast=122 worst=6.47 ax=348 named-interactive=1 landmarks=3 main=1 glued=0 inert=0 small=0
provenance-preview-synthetic~synthetic-preview-work~2030-09-15 zoom400  dark   console=0 h1=1 overflow=false scripts=0 contrast=122 worst=9.91 ax=348 named-interactive=1 landmarks=3 main=1 glued=0 inert=0 small=0
provenance-preview-synthetic~synthetic-preview-work~2030-09-15 zoom400  forced console=0 h1=1 overflow=false scripts=0 contrast=122 worst=13.99 ax=348 named-interactive=1 landmarks=3 main=1 glued=0 inert=0 small=0
provision-history  narrow   light  console=0 h1=1 overflow=false scripts=0 contrast=34 worst=6.47 ax=149 named-interactive=3 landmarks=2 main=1 glued=0 inert=0 small=0
provision-history  narrow   dark   console=0 h1=1 overflow=false scripts=0 contrast=34 worst=10.02 ax=149 named-interactive=3 landmarks=2 main=1 glued=0 inert=0 small=0
provision-history  narrow   forced console=0 h1=1 overflow=false scripts=0 contrast=34 worst=13.99 ax=149 named-interactive=3 landmarks=2 main=1 glued=0 inert=0 small=0
provision-history  tablet   light  console=0 h1=1 overflow=false scripts=0 contrast=34 worst=6.47 ax=120 named-interactive=3 landmarks=2 main=1 glued=0 inert=0 small=0
provision-history  tablet   dark   console=0 h1=1 overflow=false scripts=0 contrast=34 worst=10.02 ax=120 named-interactive=3 landmarks=2 main=1 glued=0 inert=0 small=0
provision-history  tablet   forced console=0 h1=1 overflow=false scripts=0 contrast=34 worst=13.99 ax=120 named-interactive=3 landmarks=2 main=1 glued=0 inert=0 small=0
provision-history  desktop  light  console=0 h1=1 overflow=false scripts=0 contrast=34 worst=6.47 ax=121 named-interactive=3 landmarks=2 main=1 glued=0 inert=0 small=0
provision-history  desktop  dark   console=0 h1=1 overflow=false scripts=0 contrast=34 worst=10.02 ax=121 named-interactive=3 landmarks=2 main=1 glued=0 inert=0 small=0
provision-history  desktop  forced console=0 h1=1 overflow=false scripts=0 contrast=34 worst=13.99 ax=121 named-interactive=3 landmarks=2 main=1 glued=0 inert=0 small=0
provision-history  zoom200  light  console=0 h1=1 overflow=false scripts=0 contrast=34 worst=6.47 ax=121 named-interactive=3 landmarks=2 main=1 glued=0 inert=0 small=0
provision-history  zoom200  dark   console=0 h1=1 overflow=false scripts=0 contrast=34 worst=10.02 ax=121 named-interactive=3 landmarks=2 main=1 glued=0 inert=0 small=0
provision-history  zoom200  forced console=0 h1=1 overflow=false scripts=0 contrast=34 worst=13.99 ax=121 named-interactive=3 landmarks=2 main=1 glued=0 inert=0 small=0
provision-history  zoom400  light  console=0 h1=1 overflow=false scripts=0 contrast=34 worst=6.47 ax=149 named-interactive=3 landmarks=2 main=1 glued=0 inert=0 small=0
provision-history  zoom400  dark   console=0 h1=1 overflow=false scripts=0 contrast=34 worst=10.02 ax=149 named-interactive=3 landmarks=2 main=1 glued=0 inert=0 small=0
provision-history  zoom400  forced console=0 h1=1 overflow=false scripts=0 contrast=34 worst=13.99 ax=149 named-interactive=3 landmarks=2 main=1 glued=0 inert=0 small=0
reading            narrow   light  console=0 h1=1 overflow=false scripts=0 contrast=256 worst=6.47 ax=756 named-interactive=30 landmarks=2 main=1 glued=0 inert=0 small=0
reading            narrow   dark   console=0 h1=1 overflow=false scripts=0 contrast=256 worst=8.75 ax=756 named-interactive=30 landmarks=2 main=1 glued=0 inert=0 small=0
reading            narrow   forced console=0 h1=1 overflow=false scripts=0 contrast=256 worst=13.99 ax=756 named-interactive=30 landmarks=2 main=1 glued=0 inert=0 small=0
reading            tablet   light  console=0 h1=1 overflow=false scripts=0 contrast=256 worst=6.47 ax=627 named-interactive=30 landmarks=2 main=1 glued=0 inert=0 small=0
reading            tablet   dark   console=0 h1=1 overflow=false scripts=0 contrast=256 worst=8.75 ax=627 named-interactive=30 landmarks=2 main=1 glued=0 inert=0 small=0
reading            tablet   forced console=0 h1=1 overflow=false scripts=0 contrast=256 worst=13.99 ax=627 named-interactive=30 landmarks=2 main=1 glued=0 inert=0 small=0
reading            desktop  light  console=0 h1=1 overflow=false scripts=0 contrast=256 worst=6.47 ax=643 named-interactive=30 landmarks=2 main=1 glued=0 inert=0 small=0
reading            desktop  dark   console=0 h1=1 overflow=false scripts=0 contrast=256 worst=8.75 ax=643 named-interactive=30 landmarks=2 main=1 glued=0 inert=0 small=0
reading            desktop  forced console=0 h1=1 overflow=false scripts=0 contrast=256 worst=13.99 ax=643 named-interactive=30 landmarks=2 main=1 glued=0 inert=0 small=0
reading            zoom200  light  console=0 h1=1 overflow=false scripts=0 contrast=256 worst=6.47 ax=636 named-interactive=30 landmarks=2 main=1 glued=0 inert=0 small=0
reading            zoom200  dark   console=0 h1=1 overflow=false scripts=0 contrast=256 worst=8.75 ax=643 named-interactive=30 landmarks=2 main=1 glued=0 inert=0 small=0
reading            zoom200  forced console=0 h1=1 overflow=false scripts=0 contrast=256 worst=13.99 ax=643 named-interactive=30 landmarks=2 main=1 glued=0 inert=0 small=0
reading            zoom400  light  console=0 h1=1 overflow=false scripts=0 contrast=256 worst=6.47 ax=759 named-interactive=30 landmarks=2 main=1 glued=0 inert=0 small=0
reading            zoom400  dark   console=0 h1=1 overflow=false scripts=0 contrast=256 worst=8.75 ax=759 named-interactive=30 landmarks=2 main=1 glued=0 inert=0 small=0
reading            zoom400  forced console=0 h1=1 overflow=false scripts=0 contrast=256 worst=13.99 ax=759 named-interactive=30 landmarks=2 main=1 glued=0 inert=0 small=0
refusal-catalog    narrow   light  console=0 h1=1 overflow=false scripts=0 contrast=425 worst=6.47 ax=1273 named-interactive=5 landmarks=2 main=1 glued=0 inert=0 small=0
refusal-catalog    narrow   dark   console=0 h1=1 overflow=false scripts=0 contrast=425 worst=10.02 ax=1273 named-interactive=5 landmarks=2 main=1 glued=0 inert=0 small=0
refusal-catalog    narrow   forced console=0 h1=1 overflow=false scripts=0 contrast=425 worst=13.99 ax=1273 named-interactive=5 landmarks=2 main=1 glued=0 inert=0 small=0
refusal-catalog    tablet   light  console=0 h1=1 overflow=false scripts=0 contrast=425 worst=6.47 ax=1177 named-interactive=5 landmarks=2 main=1 glued=0 inert=0 small=0
refusal-catalog    tablet   dark   console=0 h1=1 overflow=false scripts=0 contrast=425 worst=10.02 ax=1177 named-interactive=5 landmarks=2 main=1 glued=0 inert=0 small=0
refusal-catalog    tablet   forced console=0 h1=1 overflow=false scripts=0 contrast=425 worst=13.99 ax=1177 named-interactive=5 landmarks=2 main=1 glued=0 inert=0 small=0
refusal-catalog    desktop  light  console=0 h1=1 overflow=false scripts=0 contrast=425 worst=6.47 ax=1191 named-interactive=5 landmarks=2 main=1 glued=0 inert=0 small=0
refusal-catalog    desktop  dark   console=0 h1=1 overflow=false scripts=0 contrast=425 worst=10.02 ax=1191 named-interactive=5 landmarks=2 main=1 glued=0 inert=0 small=0
refusal-catalog    desktop  forced console=0 h1=1 overflow=false scripts=0 contrast=425 worst=13.99 ax=1191 named-interactive=5 landmarks=2 main=1 glued=0 inert=0 small=0
refusal-catalog    zoom200  light  console=0 h1=1 overflow=false scripts=0 contrast=425 worst=6.47 ax=1186 named-interactive=5 landmarks=2 main=1 glued=0 inert=0 small=0
refusal-catalog    zoom200  dark   console=0 h1=1 overflow=false scripts=0 contrast=425 worst=10.02 ax=1186 named-interactive=5 landmarks=2 main=1 glued=0 inert=0 small=0
refusal-catalog    zoom200  forced console=0 h1=1 overflow=false scripts=0 contrast=425 worst=13.99 ax=1186 named-interactive=5 landmarks=2 main=1 glued=0 inert=0 small=0
refusal-catalog    zoom400  light  console=0 h1=1 overflow=false scripts=0 contrast=425 worst=6.47 ax=1273 named-interactive=5 landmarks=2 main=1 glued=0 inert=0 small=0
refusal-catalog    zoom400  dark   console=0 h1=1 overflow=false scripts=0 contrast=425 worst=10.02 ax=1273 named-interactive=5 landmarks=2 main=1 glued=0 inert=0 small=0
refusal-catalog    zoom400  forced console=0 h1=1 overflow=false scripts=0 contrast=425 worst=13.99 ax=1273 named-interactive=5 landmarks=2 main=1 glued=0 inert=0 small=0
search-react       narrow   light  console=0 h1=1 overflow=false scripts=1 contrast=120 worst=6.47 ax=510 named-interactive=14 landmarks=2 main=1 glued=0 inert=0 small=0
search-react       narrow   dark   console=0 h1=1 overflow=false scripts=1 contrast=120 worst=9.04 ax=510 named-interactive=14 landmarks=2 main=1 glued=0 inert=0 small=0
search-react       narrow   forced console=0 h1=1 overflow=false scripts=1 contrast=120 worst=13.99 ax=510 named-interactive=14 landmarks=2 main=1 glued=0 inert=0 small=0
search-react       tablet   light  console=0 h1=1 overflow=false scripts=1 contrast=120 worst=6.47 ax=451 named-interactive=14 landmarks=2 main=1 glued=0 inert=0 small=0
search-react       tablet   dark   console=0 h1=1 overflow=false scripts=1 contrast=120 worst=9.04 ax=451 named-interactive=14 landmarks=2 main=1 glued=0 inert=0 small=0
search-react       tablet   forced console=0 h1=1 overflow=false scripts=1 contrast=120 worst=13.99 ax=451 named-interactive=14 landmarks=2 main=1 glued=0 inert=0 small=0
search-react       desktop  light  console=0 h1=1 overflow=false scripts=1 contrast=120 worst=6.47 ax=453 named-interactive=14 landmarks=2 main=1 glued=0 inert=0 small=0
search-react       desktop  dark   console=0 h1=1 overflow=false scripts=1 contrast=120 worst=9.04 ax=453 named-interactive=14 landmarks=2 main=1 glued=0 inert=0 small=0
search-react       desktop  forced console=0 h1=1 overflow=false scripts=1 contrast=120 worst=13.99 ax=453 named-interactive=14 landmarks=2 main=1 glued=0 inert=0 small=0
search-react       zoom200  light  console=0 h1=1 overflow=false scripts=1 contrast=120 worst=6.47 ax=452 named-interactive=14 landmarks=2 main=1 glued=0 inert=0 small=0
search-react       zoom200  dark   console=0 h1=1 overflow=false scripts=1 contrast=120 worst=9.04 ax=452 named-interactive=14 landmarks=2 main=1 glued=0 inert=0 small=0
search-react       zoom200  forced console=0 h1=1 overflow=false scripts=1 contrast=120 worst=13.99 ax=452 named-interactive=14 landmarks=2 main=1 glued=0 inert=0 small=0
search-react       zoom400  light  console=0 h1=1 overflow=false scripts=1 contrast=120 worst=6.47 ax=510 named-interactive=14 landmarks=2 main=1 glued=0 inert=0 small=0
search-react       zoom400  dark   console=0 h1=1 overflow=false scripts=1 contrast=120 worst=9.04 ax=510 named-interactive=14 landmarks=2 main=1 glued=0 inert=0 small=0
search-react       zoom400  forced console=0 h1=1 overflow=false scripts=1 contrast=120 worst=13.99 ax=510 named-interactive=14 landmarks=2 main=1 glued=0 inert=0 small=0
search             narrow   light  console=0 h1=1 overflow=false scripts=0 contrast=142 worst=6.47 ax=502 named-interactive=9 landmarks=2 main=1 glued=0 inert=0 small=0
search             narrow   dark   console=0 h1=1 overflow=false scripts=0 contrast=142 worst=9.04 ax=502 named-interactive=9 landmarks=2 main=1 glued=0 inert=0 small=0
search             narrow   forced console=0 h1=1 overflow=false scripts=0 contrast=142 worst=13.99 ax=502 named-interactive=9 landmarks=2 main=1 glued=0 inert=0 small=0
search             tablet   light  console=0 h1=1 overflow=false scripts=0 contrast=142 worst=6.47 ax=424 named-interactive=9 landmarks=2 main=1 glued=0 inert=0 small=0
search             tablet   dark   console=0 h1=1 overflow=false scripts=0 contrast=142 worst=9.04 ax=424 named-interactive=9 landmarks=2 main=1 glued=0 inert=0 small=0
search             tablet   forced console=0 h1=1 overflow=false scripts=0 contrast=142 worst=13.99 ax=424 named-interactive=9 landmarks=2 main=1 glued=0 inert=0 small=0
search             desktop  light  console=0 h1=1 overflow=false scripts=0 contrast=142 worst=6.47 ax=428 named-interactive=9 landmarks=2 main=1 glued=0 inert=0 small=0
search             desktop  dark   console=0 h1=1 overflow=false scripts=0 contrast=142 worst=9.04 ax=428 named-interactive=9 landmarks=2 main=1 glued=0 inert=0 small=0
search             desktop  forced console=0 h1=1 overflow=false scripts=0 contrast=142 worst=13.99 ax=428 named-interactive=9 landmarks=2 main=1 glued=0 inert=0 small=0
search             zoom200  light  console=0 h1=1 overflow=false scripts=0 contrast=142 worst=6.47 ax=427 named-interactive=9 landmarks=2 main=1 glued=0 inert=0 small=0
search             zoom200  dark   console=0 h1=1 overflow=false scripts=0 contrast=142 worst=9.04 ax=427 named-interactive=9 landmarks=2 main=1 glued=0 inert=0 small=0
search             zoom200  forced console=0 h1=1 overflow=false scripts=0 contrast=142 worst=13.99 ax=427 named-interactive=9 landmarks=2 main=1 glued=0 inert=0 small=0
search             zoom400  light  console=0 h1=1 overflow=false scripts=0 contrast=142 worst=6.47 ax=502 named-interactive=9 landmarks=2 main=1 glued=0 inert=0 small=0
search             zoom400  dark   console=0 h1=1 overflow=false scripts=0 contrast=142 worst=9.04 ax=502 named-interactive=9 landmarks=2 main=1 glued=0 inert=0 small=0
search             zoom400  forced console=0 h1=1 overflow=false scripts=0 contrast=142 worst=13.99 ax=502 named-interactive=9 landmarks=2 main=1 glued=0 inert=0 small=0
shell-ask          narrow   light  console=0 h1=1 overflow=false scripts=0 contrast=11 worst=6.47 ax=41 named-interactive=2 landmarks=2 main=1 glued=0 inert=0 small=0
shell-ask          narrow   dark   console=0 h1=1 overflow=false scripts=0 contrast=11 worst=10.02 ax=41 named-interactive=2 landmarks=2 main=1 glued=0 inert=0 small=0
shell-ask          narrow   forced console=0 h1=1 overflow=false scripts=0 contrast=11 worst=13.99 ax=41 named-interactive=2 landmarks=2 main=1 glued=0 inert=0 small=0
shell-ask          tablet   light  console=0 h1=1 overflow=false scripts=0 contrast=11 worst=6.47 ax=35 named-interactive=2 landmarks=2 main=1 glued=0 inert=0 small=0
shell-ask          tablet   dark   console=0 h1=1 overflow=false scripts=0 contrast=11 worst=10.02 ax=35 named-interactive=2 landmarks=2 main=1 glued=0 inert=0 small=0
shell-ask          tablet   forced console=0 h1=1 overflow=false scripts=0 contrast=11 worst=13.99 ax=35 named-interactive=2 landmarks=2 main=1 glued=0 inert=0 small=0
shell-ask          desktop  light  console=0 h1=1 overflow=false scripts=0 contrast=11 worst=6.47 ax=34 named-interactive=2 landmarks=2 main=1 glued=0 inert=0 small=0
shell-ask          desktop  dark   console=0 h1=1 overflow=false scripts=0 contrast=11 worst=10.02 ax=34 named-interactive=2 landmarks=2 main=1 glued=0 inert=0 small=0
shell-ask          desktop  forced console=0 h1=1 overflow=false scripts=0 contrast=11 worst=13.99 ax=34 named-interactive=2 landmarks=2 main=1 glued=0 inert=0 small=0
shell-ask          zoom200  light  console=0 h1=1 overflow=false scripts=0 contrast=11 worst=6.47 ax=35 named-interactive=2 landmarks=2 main=1 glued=0 inert=0 small=0
shell-ask          zoom200  dark   console=0 h1=1 overflow=false scripts=0 contrast=11 worst=10.02 ax=35 named-interactive=2 landmarks=2 main=1 glued=0 inert=0 small=0
shell-ask          zoom200  forced console=0 h1=1 overflow=false scripts=0 contrast=11 worst=13.99 ax=35 named-interactive=2 landmarks=2 main=1 glued=0 inert=0 small=0
shell-ask          zoom400  light  console=0 h1=1 overflow=false scripts=0 contrast=11 worst=6.47 ax=41 named-interactive=2 landmarks=2 main=1 glued=0 inert=0 small=0
shell-ask          zoom400  dark   console=0 h1=1 overflow=false scripts=0 contrast=11 worst=10.02 ax=41 named-interactive=2 landmarks=2 main=1 glued=0 inert=0 small=0
shell-ask          zoom400  forced console=0 h1=1 overflow=false scripts=0 contrast=11 worst=13.99 ax=41 named-interactive=2 landmarks=2 main=1 glued=0 inert=0 small=0
shell-dev          narrow   light  console=0 h1=1 overflow=false scripts=0 contrast=11 worst=6.47 ax=44 named-interactive=2 landmarks=2 main=1 glued=0 inert=0 small=0
shell-dev          narrow   dark   console=0 h1=1 overflow=false scripts=0 contrast=11 worst=10.02 ax=44 named-interactive=2 landmarks=2 main=1 glued=0 inert=0 small=0
shell-dev          narrow   forced console=0 h1=1 overflow=false scripts=0 contrast=11 worst=13.99 ax=44 named-interactive=2 landmarks=2 main=1 glued=0 inert=0 small=0
shell-dev          tablet   light  console=0 h1=1 overflow=false scripts=0 contrast=11 worst=6.47 ax=36 named-interactive=2 landmarks=2 main=1 glued=0 inert=0 small=0
shell-dev          tablet   dark   console=0 h1=1 overflow=false scripts=0 contrast=11 worst=10.02 ax=36 named-interactive=2 landmarks=2 main=1 glued=0 inert=0 small=0
shell-dev          tablet   forced console=0 h1=1 overflow=false scripts=0 contrast=11 worst=13.99 ax=36 named-interactive=2 landmarks=2 main=1 glued=0 inert=0 small=0
shell-dev          desktop  light  console=0 h1=1 overflow=false scripts=0 contrast=11 worst=6.47 ax=36 named-interactive=2 landmarks=2 main=1 glued=0 inert=0 small=0
shell-dev          desktop  dark   console=0 h1=1 overflow=false scripts=0 contrast=11 worst=10.02 ax=36 named-interactive=2 landmarks=2 main=1 glued=0 inert=0 small=0
shell-dev          desktop  forced console=0 h1=1 overflow=false scripts=0 contrast=11 worst=13.99 ax=36 named-interactive=2 landmarks=2 main=1 glued=0 inert=0 small=0
shell-dev          zoom200  light  console=0 h1=1 overflow=false scripts=0 contrast=11 worst=6.47 ax=37 named-interactive=2 landmarks=2 main=1 glued=0 inert=0 small=0
shell-dev          zoom200  dark   console=0 h1=1 overflow=false scripts=0 contrast=11 worst=10.02 ax=37 named-interactive=2 landmarks=2 main=1 glued=0 inert=0 small=0
shell-dev          zoom200  forced console=0 h1=1 overflow=false scripts=0 contrast=11 worst=13.99 ax=37 named-interactive=2 landmarks=2 main=1 glued=0 inert=0 small=0
shell-dev          zoom400  light  console=0 h1=1 overflow=false scripts=0 contrast=11 worst=6.47 ax=44 named-interactive=2 landmarks=2 main=1 glued=0 inert=0 small=0
shell-dev          zoom400  dark   console=0 h1=1 overflow=false scripts=0 contrast=11 worst=10.02 ax=44 named-interactive=2 landmarks=2 main=1 glued=0 inert=0 small=0
shell-dev          zoom400  forced console=0 h1=1 overflow=false scripts=0 contrast=11 worst=13.99 ax=44 named-interactive=2 landmarks=2 main=1 glued=0 inert=0 small=0
shell-w            narrow   light  console=0 h1=1 overflow=false scripts=0 contrast=11 worst=6.47 ax=40 named-interactive=2 landmarks=2 main=1 glued=0 inert=0 small=0
shell-w            narrow   dark   console=0 h1=1 overflow=false scripts=0 contrast=11 worst=10.02 ax=40 named-interactive=2 landmarks=2 main=1 glued=0 inert=0 small=0
shell-w            narrow   forced console=0 h1=1 overflow=false scripts=0 contrast=11 worst=13.99 ax=40 named-interactive=2 landmarks=2 main=1 glued=0 inert=0 small=0
shell-w            tablet   light  console=0 h1=1 overflow=false scripts=0 contrast=11 worst=6.47 ax=35 named-interactive=2 landmarks=2 main=1 glued=0 inert=0 small=0
shell-w            tablet   dark   console=0 h1=1 overflow=false scripts=0 contrast=11 worst=10.02 ax=35 named-interactive=2 landmarks=2 main=1 glued=0 inert=0 small=0
shell-w            tablet   forced console=0 h1=1 overflow=false scripts=0 contrast=11 worst=13.99 ax=35 named-interactive=2 landmarks=2 main=1 glued=0 inert=0 small=0
shell-w            desktop  light  console=0 h1=1 overflow=false scripts=0 contrast=11 worst=6.47 ax=35 named-interactive=2 landmarks=2 main=1 glued=0 inert=0 small=0
shell-w            desktop  dark   console=0 h1=1 overflow=false scripts=0 contrast=11 worst=10.02 ax=35 named-interactive=2 landmarks=2 main=1 glued=0 inert=0 small=0
shell-w            desktop  forced console=0 h1=1 overflow=false scripts=0 contrast=11 worst=13.99 ax=35 named-interactive=2 landmarks=2 main=1 glued=0 inert=0 small=0
shell-w            zoom200  light  console=0 h1=1 overflow=false scripts=0 contrast=11 worst=6.47 ax=35 named-interactive=2 landmarks=2 main=1 glued=0 inert=0 small=0
shell-w            zoom200  dark   console=0 h1=1 overflow=false scripts=0 contrast=11 worst=10.02 ax=35 named-interactive=2 landmarks=2 main=1 glued=0 inert=0 small=0
shell-w            zoom200  forced console=0 h1=1 overflow=false scripts=0 contrast=11 worst=13.99 ax=35 named-interactive=2 landmarks=2 main=1 glued=0 inert=0 small=0
shell-w            zoom400  light  console=0 h1=1 overflow=false scripts=0 contrast=11 worst=6.47 ax=40 named-interactive=2 landmarks=2 main=1 glued=0 inert=0 small=0
shell-w            zoom400  dark   console=0 h1=1 overflow=false scripts=0 contrast=11 worst=10.02 ax=40 named-interactive=2 landmarks=2 main=1 glued=0 inert=0 small=0
shell-w            zoom400  forced console=0 h1=1 overflow=false scripts=0 contrast=11 worst=13.99 ax=40 named-interactive=2 landmarks=2 main=1 glued=0 inert=0 small=0
invalid-envelope   narrow   light  console=0 h1=1 overflow=false scripts=0 contrast=6 worst=14.64 ax=36 named-interactive=0 landmarks=2 main=1 glued=0 inert=0 small=0
invalid-envelope   narrow   dark   console=0 h1=1 overflow=false scripts=0 contrast=6 worst=16.02 ax=36 named-interactive=0 landmarks=2 main=1 glued=0 inert=0 small=0
invalid-envelope   narrow   forced console=0 h1=1 overflow=false scripts=0 contrast=6 worst=21 ax=36 named-interactive=0 landmarks=2 main=1 glued=0 inert=0 small=0
invalid-envelope   tablet   light  console=0 h1=1 overflow=false scripts=0 contrast=6 worst=14.64 ax=29 named-interactive=0 landmarks=2 main=1 glued=0 inert=0 small=0
invalid-envelope   tablet   dark   console=0 h1=1 overflow=false scripts=0 contrast=6 worst=16.02 ax=29 named-interactive=0 landmarks=2 main=1 glued=0 inert=0 small=0
invalid-envelope   tablet   forced console=0 h1=1 overflow=false scripts=0 contrast=6 worst=21 ax=29 named-interactive=0 landmarks=2 main=1 glued=0 inert=0 small=0
invalid-envelope   desktop  light  console=0 h1=1 overflow=false scripts=0 contrast=6 worst=14.64 ax=31 named-interactive=0 landmarks=2 main=1 glued=0 inert=0 small=0
invalid-envelope   desktop  dark   console=0 h1=1 overflow=false scripts=0 contrast=6 worst=16.02 ax=31 named-interactive=0 landmarks=2 main=1 glued=0 inert=0 small=0
invalid-envelope   desktop  forced console=0 h1=1 overflow=false scripts=0 contrast=6 worst=21 ax=31 named-interactive=0 landmarks=2 main=1 glued=0 inert=0 small=0
invalid-envelope   zoom200  light  console=0 h1=1 overflow=false scripts=0 contrast=6 worst=14.64 ax=29 named-interactive=0 landmarks=2 main=1 glued=0 inert=0 small=0
invalid-envelope   zoom200  dark   console=0 h1=1 overflow=false scripts=0 contrast=6 worst=16.02 ax=29 named-interactive=0 landmarks=2 main=1 glued=0 inert=0 small=0
invalid-envelope   zoom200  forced console=0 h1=1 overflow=false scripts=0 contrast=6 worst=21 ax=29 named-interactive=0 landmarks=2 main=1 glued=0 inert=0 small=0
invalid-envelope   zoom400  light  console=0 h1=1 overflow=false scripts=0 contrast=6 worst=14.64 ax=36 named-interactive=0 landmarks=2 main=1 glued=0 inert=0 small=0
invalid-envelope   zoom400  dark   console=0 h1=1 overflow=false scripts=0 contrast=6 worst=16.02 ax=36 named-interactive=0 landmarks=2 main=1 glued=0 inert=0 small=0
invalid-envelope   zoom400  forced console=0 h1=1 overflow=false scripts=0 contrast=6 worst=21 ax=36 named-interactive=0 landmarks=2 main=1 glued=0 inert=0 small=0
loading            narrow   light  console=0 h1=1 overflow=false scripts=0 contrast=3 worst=14.64 ax=19 named-interactive=0 landmarks=2 main=1 glued=0 inert=0 small=0
loading            narrow   dark   console=0 h1=1 overflow=false scripts=0 contrast=3 worst=16.02 ax=19 named-interactive=0 landmarks=2 main=1 glued=0 inert=0 small=0
loading            narrow   forced console=0 h1=1 overflow=false scripts=0 contrast=3 worst=21 ax=19 named-interactive=0 landmarks=2 main=1 glued=0 inert=0 small=0
loading            tablet   light  console=0 h1=1 overflow=false scripts=0 contrast=3 worst=14.64 ax=16 named-interactive=0 landmarks=2 main=1 glued=0 inert=0 small=0
loading            tablet   dark   console=0 h1=1 overflow=false scripts=0 contrast=3 worst=16.02 ax=16 named-interactive=0 landmarks=2 main=1 glued=0 inert=0 small=0
loading            tablet   forced console=0 h1=1 overflow=false scripts=0 contrast=3 worst=21 ax=16 named-interactive=0 landmarks=2 main=1 glued=0 inert=0 small=0
loading            desktop  light  console=0 h1=1 overflow=false scripts=0 contrast=3 worst=14.64 ax=15 named-interactive=0 landmarks=2 main=1 glued=0 inert=0 small=0
loading            desktop  dark   console=0 h1=1 overflow=false scripts=0 contrast=3 worst=16.02 ax=15 named-interactive=0 landmarks=2 main=1 glued=0 inert=0 small=0
loading            desktop  forced console=0 h1=1 overflow=false scripts=0 contrast=3 worst=21 ax=15 named-interactive=0 landmarks=2 main=1 glued=0 inert=0 small=0
loading            zoom200  light  console=0 h1=1 overflow=false scripts=0 contrast=3 worst=14.64 ax=16 named-interactive=0 landmarks=2 main=1 glued=0 inert=0 small=0
loading            zoom200  dark   console=0 h1=1 overflow=false scripts=0 contrast=3 worst=16.02 ax=16 named-interactive=0 landmarks=2 main=1 glued=0 inert=0 small=0
loading            zoom200  forced console=0 h1=1 overflow=false scripts=0 contrast=3 worst=21 ax=16 named-interactive=0 landmarks=2 main=1 glued=0 inert=0 small=0
loading            zoom400  light  console=0 h1=1 overflow=false scripts=0 contrast=3 worst=14.64 ax=19 named-interactive=0 landmarks=2 main=1 glued=0 inert=0 small=0
loading            zoom400  dark   console=0 h1=1 overflow=false scripts=0 contrast=3 worst=16.02 ax=19 named-interactive=0 landmarks=2 main=1 glued=0 inert=0 small=0
loading            zoom400  forced console=0 h1=1 overflow=false scripts=0 contrast=3 worst=21 ax=19 named-interactive=0 landmarks=2 main=1 glued=0 inert=0 small=0
refusal            narrow   light  console=0 h1=1 overflow=false scripts=0 contrast=74 worst=7.32 ax=105 named-interactive=1 landmarks=5 main=1 glued=0 inert=0 small=0
refusal            narrow   dark   console=0 h1=1 overflow=false scripts=0 contrast=74 worst=10.74 ax=105 named-interactive=1 landmarks=5 main=1 glued=0 inert=0 small=0
refusal            narrow   forced console=0 h1=1 overflow=false scripts=0 contrast=74 worst=13.99 ax=105 named-interactive=1 landmarks=5 main=1 glued=0 inert=0 small=0
refusal            tablet   light  console=0 h1=1 overflow=false scripts=0 contrast=74 worst=7.32 ax=93 named-interactive=1 landmarks=5 main=1 glued=0 inert=0 small=0
refusal            tablet   dark   console=0 h1=1 overflow=false scripts=0 contrast=74 worst=10.74 ax=93 named-interactive=1 landmarks=5 main=1 glued=0 inert=0 small=0
refusal            tablet   forced console=0 h1=1 overflow=false scripts=0 contrast=74 worst=13.99 ax=93 named-interactive=1 landmarks=5 main=1 glued=0 inert=0 small=0
refusal            desktop  light  console=0 h1=1 overflow=false scripts=0 contrast=74 worst=7.32 ax=96 named-interactive=1 landmarks=5 main=1 glued=0 inert=0 small=0
refusal            desktop  dark   console=0 h1=1 overflow=false scripts=0 contrast=74 worst=10.74 ax=96 named-interactive=1 landmarks=5 main=1 glued=0 inert=0 small=0
refusal            desktop  forced console=0 h1=1 overflow=false scripts=0 contrast=74 worst=13.99 ax=96 named-interactive=1 landmarks=5 main=1 glued=0 inert=0 small=0
refusal            zoom200  light  console=0 h1=1 overflow=false scripts=0 contrast=74 worst=7.32 ax=93 named-interactive=1 landmarks=5 main=1 glued=0 inert=0 small=0
refusal            zoom200  dark   console=0 h1=1 overflow=false scripts=0 contrast=74 worst=10.74 ax=93 named-interactive=1 landmarks=5 main=1 glued=0 inert=0 small=0
refusal            zoom200  forced console=0 h1=1 overflow=false scripts=0 contrast=74 worst=13.99 ax=93 named-interactive=1 landmarks=5 main=1 glued=0 inert=0 small=0
refusal            zoom400  light  console=0 h1=1 overflow=false scripts=0 contrast=74 worst=7.32 ax=105 named-interactive=1 landmarks=5 main=1 glued=0 inert=0 small=0
refusal            zoom400  dark   console=0 h1=1 overflow=false scripts=0 contrast=74 worst=10.74 ax=105 named-interactive=1 landmarks=5 main=1 glued=0 inert=0 small=0
refusal            zoom400  forced console=0 h1=1 overflow=false scripts=0 contrast=74 worst=13.99 ax=105 named-interactive=1 landmarks=5 main=1 glued=0 inert=0 small=0
success            narrow   light  console=0 h1=1 overflow=false scripts=0 contrast=88 worst=14.64 ax=122 named-interactive=0 landmarks=4 main=1 glued=0 inert=0 small=0
success            narrow   dark   console=0 h1=1 overflow=false scripts=0 contrast=88 worst=16.02 ax=122 named-interactive=0 landmarks=4 main=1 glued=0 inert=0 small=0
success            narrow   forced console=0 h1=1 overflow=false scripts=0 contrast=88 worst=13.99 ax=122 named-interactive=0 landmarks=4 main=1 glued=0 inert=0 small=0
success            tablet   light  console=0 h1=1 overflow=false scripts=0 contrast=88 worst=14.64 ax=115 named-interactive=0 landmarks=4 main=1 glued=0 inert=0 small=0
success            tablet   dark   console=0 h1=1 overflow=false scripts=0 contrast=88 worst=16.02 ax=115 named-interactive=0 landmarks=4 main=1 glued=0 inert=0 small=0
success            tablet   forced console=0 h1=1 overflow=false scripts=0 contrast=88 worst=13.99 ax=115 named-interactive=0 landmarks=4 main=1 glued=0 inert=0 small=0
success            desktop  light  console=0 h1=1 overflow=false scripts=0 contrast=88 worst=14.64 ax=114 named-interactive=0 landmarks=4 main=1 glued=0 inert=0 small=0
success            desktop  dark   console=0 h1=1 overflow=false scripts=0 contrast=88 worst=16.02 ax=114 named-interactive=0 landmarks=4 main=1 glued=0 inert=0 small=0
success            desktop  forced console=0 h1=1 overflow=false scripts=0 contrast=88 worst=13.99 ax=114 named-interactive=0 landmarks=4 main=1 glued=0 inert=0 small=0
success            zoom200  light  console=0 h1=1 overflow=false scripts=0 contrast=88 worst=14.64 ax=115 named-interactive=0 landmarks=4 main=1 glued=0 inert=0 small=0
success            zoom200  dark   console=0 h1=1 overflow=false scripts=0 contrast=88 worst=16.02 ax=115 named-interactive=0 landmarks=4 main=1 glued=0 inert=0 small=0
success            zoom200  forced console=0 h1=1 overflow=false scripts=0 contrast=88 worst=13.99 ax=115 named-interactive=0 landmarks=4 main=1 glued=0 inert=0 small=0
success            zoom400  light  console=0 h1=1 overflow=false scripts=0 contrast=88 worst=14.64 ax=122 named-interactive=0 landmarks=4 main=1 glued=0 inert=0 small=0
success            zoom400  dark   console=0 h1=1 overflow=false scripts=0 contrast=88 worst=16.02 ax=122 named-interactive=0 landmarks=4 main=1 glued=0 inert=0 small=0
success            zoom400  forced console=0 h1=1 overflow=false scripts=0 contrast=88 worst=13.99 ax=122 named-interactive=0 landmarks=4 main=1 glued=0 inert=0 small=0
transport-failure  narrow   light  console=0 h1=1 overflow=false scripts=0 contrast=4 worst=14.64 ax=26 named-interactive=0 landmarks=2 main=1 glued=0 inert=0 small=0
transport-failure  narrow   dark   console=0 h1=1 overflow=false scripts=0 contrast=4 worst=16.02 ax=26 named-interactive=0 landmarks=2 main=1 glued=0 inert=0 small=0
transport-failure  narrow   forced console=0 h1=1 overflow=false scripts=0 contrast=4 worst=21 ax=26 named-interactive=0 landmarks=2 main=1 glued=0 inert=0 small=0
transport-failure  tablet   light  console=0 h1=1 overflow=false scripts=0 contrast=4 worst=14.64 ax=21 named-interactive=0 landmarks=2 main=1 glued=0 inert=0 small=0
transport-failure  tablet   dark   console=0 h1=1 overflow=false scripts=0 contrast=4 worst=16.02 ax=21 named-interactive=0 landmarks=2 main=1 glued=0 inert=0 small=0
transport-failure  tablet   forced console=0 h1=1 overflow=false scripts=0 contrast=4 worst=21 ax=21 named-interactive=0 landmarks=2 main=1 glued=0 inert=0 small=0
transport-failure  desktop  light  console=0 h1=1 overflow=false scripts=0 contrast=4 worst=14.64 ax=22 named-interactive=0 landmarks=2 main=1 glued=0 inert=0 small=0
transport-failure  desktop  dark   console=0 h1=1 overflow=false scripts=0 contrast=4 worst=16.02 ax=22 named-interactive=0 landmarks=2 main=1 glued=0 inert=0 small=0
transport-failure  desktop  forced console=0 h1=1 overflow=false scripts=0 contrast=4 worst=21 ax=22 named-interactive=0 landmarks=2 main=1 glued=0 inert=0 small=0
transport-failure  zoom200  light  console=0 h1=1 overflow=false scripts=0 contrast=4 worst=14.64 ax=21 named-interactive=0 landmarks=2 main=1 glued=0 inert=0 small=0
transport-failure  zoom200  dark   console=0 h1=1 overflow=false scripts=0 contrast=4 worst=16.02 ax=21 named-interactive=0 landmarks=2 main=1 glued=0 inert=0 small=0
transport-failure  zoom200  forced console=0 h1=1 overflow=false scripts=0 contrast=4 worst=21 ax=21 named-interactive=0 landmarks=2 main=1 glued=0 inert=0 small=0
transport-failure  zoom400  light  console=0 h1=1 overflow=false scripts=0 contrast=4 worst=14.64 ax=26 named-interactive=0 landmarks=2 main=1 glued=0 inert=0 small=0
transport-failure  zoom400  dark   console=0 h1=1 overflow=false scripts=0 contrast=4 worst=16.02 ax=26 named-interactive=0 landmarks=2 main=1 glued=0 inert=0 small=0
transport-failure  zoom400  forced console=0 h1=1 overflow=false scripts=0 contrast=4 worst=21 ax=26 named-interactive=0 landmarks=2 main=1 glued=0 inert=0 small=0
timeline-react     narrow   light  console=0 h1=1 overflow=false scripts=0 contrast=78 worst=6.47 ax=687 named-interactive=0 landmarks=2 main=1 glued=0 inert=0 small=0
timeline-react     narrow   dark   console=0 h1=1 overflow=false scripts=0 contrast=78 worst=10.02 ax=687 named-interactive=0 landmarks=2 main=1 glued=0 inert=0 small=0
timeline-react     narrow   forced console=0 h1=1 overflow=false scripts=0 contrast=78 worst=21 ax=687 named-interactive=0 landmarks=2 main=1 glued=0 inert=0 small=0
timeline-react     tablet   light  console=0 h1=1 overflow=false scripts=0 contrast=78 worst=6.47 ax=485 named-interactive=0 landmarks=2 main=1 glued=0 inert=0 small=0
timeline-react     tablet   dark   console=0 h1=1 overflow=false scripts=0 contrast=78 worst=10.02 ax=485 named-interactive=0 landmarks=2 main=1 glued=0 inert=0 small=0
timeline-react     tablet   forced console=0 h1=1 overflow=false scripts=0 contrast=78 worst=21 ax=485 named-interactive=0 landmarks=2 main=1 glued=0 inert=0 small=0
timeline-react     desktop  light  console=0 h1=1 overflow=false scripts=0 contrast=78 worst=6.47 ax=506 named-interactive=0 landmarks=2 main=1 glued=0 inert=0 small=0
timeline-react     desktop  dark   console=0 h1=1 overflow=false scripts=0 contrast=78 worst=10.02 ax=506 named-interactive=0 landmarks=2 main=1 glued=0 inert=0 small=0
timeline-react     desktop  forced console=0 h1=1 overflow=false scripts=0 contrast=78 worst=21 ax=506 named-interactive=0 landmarks=2 main=1 glued=0 inert=0 small=0
timeline-react     zoom200  light  console=0 h1=1 overflow=false scripts=0 contrast=78 worst=6.47 ax=499 named-interactive=0 landmarks=2 main=1 glued=0 inert=0 small=0
timeline-react     zoom200  dark   console=0 h1=1 overflow=false scripts=0 contrast=78 worst=10.02 ax=499 named-interactive=0 landmarks=2 main=1 glued=0 inert=0 small=0
timeline-react     zoom200  forced console=0 h1=1 overflow=false scripts=0 contrast=78 worst=21 ax=499 named-interactive=0 landmarks=2 main=1 glued=0 inert=0 small=0
timeline-react     zoom400  light  console=0 h1=1 overflow=false scripts=0 contrast=78 worst=6.47 ax=687 named-interactive=0 landmarks=2 main=1 glued=0 inert=0 small=0
timeline-react     zoom400  dark   console=0 h1=1 overflow=false scripts=0 contrast=78 worst=10.02 ax=687 named-interactive=0 landmarks=2 main=1 glued=0 inert=0 small=0
timeline-react     zoom400  forced console=0 h1=1 overflow=false scripts=0 contrast=78 worst=21 ax=687 named-interactive=0 landmarks=2 main=1 glued=0 inert=0 small=0
timeline           narrow   light  console=0 h1=1 overflow=false scripts=0 contrast=113 worst=6.47 ax=998 named-interactive=0 landmarks=2 main=1 glued=0 inert=0 small=0
timeline           narrow   dark   console=0 h1=1 overflow=false scripts=0 contrast=113 worst=10.02 ax=998 named-interactive=0 landmarks=2 main=1 glued=0 inert=0 small=0
timeline           narrow   forced console=0 h1=1 overflow=false scripts=0 contrast=113 worst=21 ax=998 named-interactive=0 landmarks=2 main=1 glued=0 inert=0 small=0
timeline           tablet   light  console=0 h1=1 overflow=false scripts=0 contrast=113 worst=6.47 ax=711 named-interactive=0 landmarks=2 main=1 glued=0 inert=0 small=0
timeline           tablet   dark   console=0 h1=1 overflow=false scripts=0 contrast=113 worst=10.02 ax=711 named-interactive=0 landmarks=2 main=1 glued=0 inert=0 small=0
timeline           tablet   forced console=0 h1=1 overflow=false scripts=0 contrast=113 worst=21 ax=711 named-interactive=0 landmarks=2 main=1 glued=0 inert=0 small=0
timeline           desktop  light  console=0 h1=1 overflow=false scripts=0 contrast=113 worst=6.47 ax=748 named-interactive=0 landmarks=2 main=1 glued=0 inert=0 small=0
timeline           desktop  dark   console=0 h1=1 overflow=false scripts=0 contrast=113 worst=10.02 ax=748 named-interactive=0 landmarks=2 main=1 glued=0 inert=0 small=0
timeline           desktop  forced console=0 h1=1 overflow=false scripts=0 contrast=113 worst=21 ax=748 named-interactive=0 landmarks=2 main=1 glued=0 inert=0 small=0
timeline           zoom200  light  console=0 h1=1 overflow=false scripts=0 contrast=113 worst=6.47 ax=728 named-interactive=0 landmarks=2 main=1 glued=0 inert=0 small=0
timeline           zoom200  dark   console=0 h1=1 overflow=false scripts=0 contrast=113 worst=10.02 ax=728 named-interactive=0 landmarks=2 main=1 glued=0 inert=0 small=0
timeline           zoom200  forced console=0 h1=1 overflow=false scripts=0 contrast=113 worst=21 ax=728 named-interactive=0 landmarks=2 main=1 glued=0 inert=0 small=0
timeline           zoom400  light  console=0 h1=1 overflow=false scripts=0 contrast=113 worst=6.47 ax=998 named-interactive=0 landmarks=2 main=1 glued=0 inert=0 small=0
timeline           zoom400  dark   console=0 h1=1 overflow=false scripts=0 contrast=113 worst=10.02 ax=998 named-interactive=0 landmarks=2 main=1 glued=0 inert=0 small=0
timeline           zoom400  forced console=0 h1=1 overflow=false scripts=0 contrast=113 worst=21 ax=998 named-interactive=0 landmarks=2 main=1 glued=0 inert=0 small=0
trust-surface      narrow   light  console=0 h1=1 overflow=false scripts=0 contrast=253 worst=6.47 ax=738 named-interactive=14 landmarks=4 main=1 glued=0 inert=0 small=0
trust-surface      narrow   dark   console=0 h1=1 overflow=false scripts=0 contrast=253 worst=8.75 ax=738 named-interactive=14 landmarks=4 main=1 glued=0 inert=0 small=0
trust-surface      narrow   forced console=0 h1=1 overflow=false scripts=0 contrast=253 worst=13.99 ax=738 named-interactive=14 landmarks=4 main=1 glued=0 inert=0 small=0
trust-surface      tablet   light  console=0 h1=1 overflow=false scripts=0 contrast=253 worst=6.47 ax=636 named-interactive=14 landmarks=4 main=1 glued=0 inert=0 small=0
trust-surface      tablet   dark   console=0 h1=1 overflow=false scripts=0 contrast=253 worst=8.75 ax=636 named-interactive=14 landmarks=4 main=1 glued=0 inert=0 small=0
trust-surface      tablet   forced console=0 h1=1 overflow=false scripts=0 contrast=253 worst=13.99 ax=636 named-interactive=14 landmarks=4 main=1 glued=0 inert=0 small=0
trust-surface      desktop  light  console=0 h1=1 overflow=false scripts=0 contrast=253 worst=6.47 ax=642 named-interactive=14 landmarks=4 main=1 glued=0 inert=0 small=0
trust-surface      desktop  dark   console=0 h1=1 overflow=false scripts=0 contrast=253 worst=8.75 ax=642 named-interactive=14 landmarks=4 main=1 glued=0 inert=0 small=0
trust-surface      desktop  forced console=0 h1=1 overflow=false scripts=0 contrast=253 worst=13.99 ax=642 named-interactive=14 landmarks=4 main=1 glued=0 inert=0 small=0
trust-surface      zoom200  light  console=0 h1=1 overflow=false scripts=0 contrast=253 worst=6.47 ax=639 named-interactive=14 landmarks=4 main=1 glued=0 inert=0 small=0
trust-surface      zoom200  dark   console=0 h1=1 overflow=false scripts=0 contrast=253 worst=8.75 ax=639 named-interactive=14 landmarks=4 main=1 glued=0 inert=0 small=0
trust-surface      zoom200  forced console=0 h1=1 overflow=false scripts=0 contrast=253 worst=13.99 ax=639 named-interactive=14 landmarks=4 main=1 glued=0 inert=0 small=0
trust-surface      zoom400  light  console=0 h1=1 overflow=false scripts=0 contrast=253 worst=6.47 ax=738 named-interactive=14 landmarks=4 main=1 glued=0 inert=0 small=0
trust-surface      zoom400  dark   console=0 h1=1 overflow=false scripts=0 contrast=253 worst=8.75 ax=738 named-interactive=14 landmarks=4 main=1 glued=0 inert=0 small=0
trust-surface      zoom400  forced console=0 h1=1 overflow=false scripts=0 contrast=253 worst=13.99 ax=738 named-interactive=14 landmarks=4 main=1 glued=0 inert=0 small=0

all 495 page/viewport combinations clean
